BL51 BANKED LINKER/LOCATER V6.22                                                        11/09/2017  16:51:28  PAGE 1


BL51 BANKED LINKER/LOCATER V6.22, INVOKED BY:
G:\KEIL_V5\C51\BIN\BL51.EXE .\Objects\STARTUP.obj, .\Objects\main.obj, .\Readkey_lib_A01.LIB, .\Objects\DispDrv.obj, .\O
>> bjects\AT24C.obj, .\Objects\DS1302.obj TO .\Objects\main PRINT (.\Listings\main.m51) RAMSIZE (256)


MEMORY MODEL: SMALL WITH FLOATING POINT ARITHMETIC


INPUT MODULES INCLUDED:
  .\Objects\STARTUP.obj (?C_STARTUP)
  .\Objects\main.obj (MAIN)
  .\Readkey_lib_A01.LIB (READKEY)
  .\Objects\DispDrv.obj (DISPDRV)
  .\Objects\AT24C.obj (AT24C)
  .\Objects\DS1302.obj (DS1302)
  G:\KEIL_V5\C51\LIB\C51FPS.LIB (?C?FPADD)
  G:\KEIL_V5\C51\LIB\C51FPS.LIB (?C?FPMUL)
  G:\KEIL_V5\C51\LIB\C51FPS.LIB (?C?FPDIV)
  G:\KEIL_V5\C51\LIB\C51FPS.LIB (?C?FPCMP)
  G:\KEIL_V5\C51\LIB\C51FPS.LIB (?C?FCAST)
  G:\KEIL_V5\C51\LIB\C51FPS.LIB (?C?CASTF)
  G:\KEIL_V5\C51\LIB\C51FPS.LIB (?C?FPGETOPN)
  G:\KEIL_V5\C51\LIB\C51S.LIB (?C_INIT)
  G:\KEIL_V5\C51\LIB\C51S.LIB (?C?IMUL)
  G:\KEIL_V5\C51\LIB\C51S.LIB (?C?UIDIV)
  G:\KEIL_V5\C51\LIB\C51S.LIB (?C?LNEG)
  G:\KEIL_V5\C51\LIB\C51S.LIB (?C?ULCMP)


LINK MAP OF MODULE:  .\Objects\main (?C_STARTUP)


            TYPE    BASE      LENGTH    RELOCATION   SEGMENT NAME
            -----------------------------------------------------

            * * * * * * *   D A T A   M E M O R Y   * * * * * * *
            REG     0000H     0008H     ABSOLUTE     "REG BANK 0"
            DATA    0008H     0011H     UNIT         ?DT?DS1302
            DATA    0019H     0007H     UNIT         ?DT?DISPDRV
            DATA    0020H     0002H     BIT_ADDR     ?BA?MAIN
            DATA    0022H     0001H     BIT_ADDR     ?BA?DISPDRV
            BIT     0023H.0   0001H.2   UNIT         ?BI?READKEY
            BIT     0024H.2   0000H.7   UNIT         ?BI?MAIN
            BIT     0025H.1   0000H.1   UNIT         ?BI?DISPDRV
            BIT     0025H.2   0000H.1   UNIT         _BIT_GROUP_
                    0025H.3   0000H.5                *** GAP ***
            DATA    0026H     004DH     UNIT         ?DT?MAIN
            DATA    0073H     0009H     UNIT         ?DT?READKEY
            IDATA   007CH     0041H     UNIT         ?ID?MAIN
            IDATA   00BDH     0001H     UNIT         ?STACK

            * * * * * * *   C O D E   M E M O R Y   * * * * * * *
            CODE    0000H     0003H     ABSOLUTE     
            CODE    0003H     0003H     ABSOLUTE     
            CODE    0006H     0005H     UNIT         ?PR?INIT_DS1302?DS1302
            CODE    000BH     0003H     ABSOLUTE     
            CODE    000EH     0015H     UNIT         ?PR?_DELAY_AT24C?AT24C
            CODE    0023H     0003H     ABSOLUTE     
BL51 BANKED LINKER/LOCATER V6.22                                                      11/09/2017  16:51:28  PAGE 2


            CODE    0026H     05F1H     UNIT         ?PR?DEALKEY?MAIN
            CODE    0617H     04B4H     UNIT         ?PR?CALCULATE?MAIN
            CODE    0ACBH     0450H     UNIT         ?C?LIB_CODE
            CODE    0F1BH     0285H     UNIT         ?PR?UPDATEDISPLAY?MAIN
            CODE    11A0H     0212H     UNIT         ?PR?MAIN
            CODE    13B2H     0139H     UNIT         ?PR?DISPDRV?DISPDRV
            CODE    14EBH     00F8H     UNIT         ?PR?TIMER50MSCNT?MAIN
            CODE    15E3H     00ABH     UNIT         ?PR?READR_KEYVALUE?READKEY
            CODE    168EH     009EH     UNIT         ?PR?INTER_SERIAL?MAIN
            CODE    172CH     008FH     UNIT         ?PR?MAIN?MAIN
            CODE    17BBH     008EH     UNIT         ?PR?CHECKERROR?MAIN
            CODE    1849H     008CH     UNIT         ?C_C51STARTUP
            CODE    18D5H     0063H     UNIT         ?C_INITSEG
            CODE    1938H     0062H     UNIT         ?PR?INTER_TIMER0?MAIN
            CODE    199AH     0056H     UNIT         ?PR?SYS_INITIAL?MAIN
            CODE    19F0H     004CH     UNIT         ?PR?SENDDATA_UART?MAIN
            CODE    1A3CH     004CH     UNIT         ?PR?DS1302_READ_TIME?DS1302
            CODE    1A88H     003BH     UNIT         ?PR?_DS1302_READ_BYTE?DS1302
            CODE    1AC3H     0038H     UNIT         ?PR?_DS1302_WRITE_BYTE?DS1302
            CODE    1AFBH     0027H     UNIT         ?PR?READX?AT24C
            CODE    1B22H     0025H     UNIT         ?PR?_AT24C_READ?AT24C
            CODE    1B47H     0023H     UNIT         ?PR?CLOCK?AT24C
            CODE    1B6AH     0020H     UNIT         ?PR?RECOVERY?MAIN
            CODE    1B8AH     001EH     UNIT         ?PR?_WRITEX?AT24C
            CODE    1BA8H     001BH     UNIT         ?PR?RELAYDRV?MAIN
            CODE    1BC3H     001AH     UNIT         ?PR?RECDATA_UART?MAIN
            CODE    1BDDH     001AH     UNIT         ?PR?_ENABLELONGKEYS?READKEY
            CODE    1BF7H     001AH     UNIT         ?PR?_AT24C_WRITE?AT24C
            CODE    1C11H     0019H     UNIT         ?CO?DISPDRV
            CODE    1C2AH     0016H     UNIT         ?PR?KEYSCAN?DISPDRV
            CODE    1C40H     0014H     UNIT         ?PR?CLEARDATA_UART?MAIN
            CODE    1C54H     000FH     UNIT         ?PR?START?AT24C
            CODE    1C63H     000AH     UNIT         ?PR?INIT_AT24C?AT24C
            CODE    1C6DH     000AH     UNIT         ?PR?STOP?AT24C
            CODE    1C77H     0009H     UNIT         ?PR?ENABLEDOUBLEKEY?READKEY
            CODE    1C80H     0006H     UNIT         ?PR?FLASH?AT24C
            CODE    1C86H     0001H     UNIT         ?PR?INTER_EXT0?MAIN
            CODE    1C87H     0001H     UNIT         ?PR?SAVEDATETOERROM?MAIN



OVERLAY MAP OF MODULE:   .\Objects\main (?C_STARTUP)


SEGMENT                                  BIT_GROUP 
  +--> CALLED SEGMENT                 START    LENGTH
-----------------------------------------------------
?C_C51STARTUP                         -----    -----
  +--> ?PR?MAIN?MAIN
  +--> ?C_INITSEG

?PR?MAIN?MAIN                         -----    -----
  +--> ?PR?SYS_INITIAL?MAIN
  +--> ?PR?INIT_DS1302?DS1302
  +--> ?PR?INIT_AT24C?AT24C
  +--> ?PR?RECDATA_UART?MAIN
  +--> ?PR?SENDDATA_UART?MAIN
BL51 BANKED LINKER/LOCATER V6.22                                                      11/09/2017  16:51:28  PAGE 3


  +--> ?PR?DEALKEY?MAIN
  +--> ?PR?CHECKERROR?MAIN
  +--> ?PR?RECOVERY?MAIN
  +--> ?PR?RELAYDRV?MAIN
  +--> ?PR?DS1302_READ_TIME?DS1302
  +--> ?PR?SAVEDATETOERROM?MAIN
  +--> ?PR?CALCULATE?MAIN
  +--> ?PR?READR_KEYVALUE?READKEY
  +--> ?PR?UPDATEDISPLAY?MAIN
  +--> ?PR?TIMER50MSCNT?MAIN

?PR?INIT_AT24C?AT24C                  -----    -----
  +--> ?PR?FLASH?AT24C

?PR?RECDATA_UART?MAIN                 -----    -----
  +--> ?PR?SENDDATA_UART?MAIN
  +--> ?PR?CLEARDATA_UART?MAIN

?PR?SENDDATA_UART?MAIN                -----    -----
  +--> ?PR?MAIN

?PR?MAIN                              -----    -----
  +--> ?CO?DISPDRV

?PR?CLEARDATA_UART?MAIN               0025H.2  0000H.1

?PR?DEALKEY?MAIN                      -----    -----
  +--> ?PR?MAIN
  +--> ?PR?_ENABLELONGKEYS?READKEY

?PR?CHECKERROR?MAIN                   -----    -----
  +--> ?PR?MAIN

?PR?DS1302_READ_TIME?DS1302           -----    -----
  +--> ?PR?_DS1302_READ_BYTE?DS1302

?PR?CALCULATE?MAIN                    -----    -----
  +--> ?PR?MAIN

?PR?UPDATEDISPLAY?MAIN                -----    -----
  +--> ?PR?MAIN
  +--> ?CO?DISPDRV

?PR?TIMER50MSCNT?MAIN                 -----    -----
  +--> ?PR?MAIN

*** NEW ROOT ***************************************************

?PR?INTER_TIMER0?MAIN                 -----    -----
  +--> ?PR?DISPDRV?DISPDRV

?PR?DISPDRV?DISPDRV                   -----    -----
  +--> ?PR?KEYSCAN?DISPDRV



SYMBOL TABLE OF MODULE:  .\Objects\main (?C_STARTUP)
BL51 BANKED LINKER/LOCATER V6.22                                                      11/09/2017  16:51:28  PAGE 4



  VALUE           TYPE          NAME
  ----------------------------------

  -------         MODULE        ?C_STARTUP
  C:1849H         SEGMENT       ?C_C51STARTUP
  I:00BDH         SEGMENT       ?STACK
  C:0000H         PUBLIC        ?C_STARTUP
  D:00E0H         SYMBOL        ACC
  D:00F0H         SYMBOL        B
  D:0083H         SYMBOL        DPH
  D:0082H         SYMBOL        DPL
  N:0000H         SYMBOL        IBPSTACK
  N:0100H         SYMBOL        IBPSTACKTOP
  N:0080H         SYMBOL        IDATALEN
  C:184CH         SYMBOL        IDATALOOP
  N:0000H         SYMBOL        PBPSTACK
  N:0100H         SYMBOL        PBPSTACKTOP
  N:0000H         SYMBOL        PDATALEN
  N:0000H         SYMBOL        PDATASTART
  N:0000H         SYMBOL        PPAGE
  N:0000H         SYMBOL        PPAGEENABLE
  D:00A0H         SYMBOL        PPAGE_SFR
  D:0081H         SYMBOL        SP
  C:1849H         SYMBOL        STARTUP1
  N:0000H         SYMBOL        XBPSTACK
  N:0000H         SYMBOL        XBPSTACKTOP
  N:0000H         SYMBOL        XDATALEN
  N:0000H         SYMBOL        XDATASTART
  C:0000H         LINE#         126
  C:1849H         LINE#         133
  C:184BH         LINE#         134
  C:184CH         LINE#         135
  C:184DH         LINE#         136
  C:184FH         LINE#         185
  C:1852H         LINE#         196
  -------         ENDMOD        ?C_STARTUP

  -------         MODULE        MAIN
  C:0000H         SYMBOL        _ICE_DUMMY_
  D:0093H         PUBLIC        P0M1
  D:0092H         PUBLIC        P1M0
  B:0020H.6       PUBLIC        Flg_RelayWkBak1
  D:002AH         PUBLIC        R_NT_K
  D:0096H         PUBLIC        P2M0
  D:0091H         PUBLIC        P1M1
  D:0080H         PUBLIC        P0
  B:0020H.7       PUBLIC        Flg_RelayWkBak2
  D:00B2H         PUBLIC        P3M0
  D:0095H         PUBLIC        P2M1
  D:0090H         PUBLIC        P1
  I:007CH         PUBLIC        RxUART_Tab
  D:00B4H         PUBLIC        P4M0
  D:00B1H         PUBLIC        P3M1
  D:00A0H         PUBLIC        P2
  D:00CAH         PUBLIC        P5M0
  D:00B3H         PUBLIC        P4M1
BL51 BANKED LINKER/LOCATER V6.22                                                      11/09/2017  16:51:28  PAGE 5


  D:00B0H         PUBLIC        P3
  I:0086H         PUBLIC        TxUART_Tab
  D:00CCH         PUBLIC        P6M0
  D:00C9H         PUBLIC        P5M1
  D:00C0H         PUBLIC        P4
  C:1C40H         PUBLIC        ClearData_UART
  D:00CBH         PUBLIC        P6M1
  D:00C8H         PUBLIC        P5
  I:009FH         PUBLIC        StoreData_Tab
  B:00A8H.7       PUBLIC        EA
  B:0024H.2       PUBLIC        Flg_2ms
  D:00A8H         PUBLIC        IE
  D:002BH         PUBLIC        R_CheckOutTm
  D:002DH         PUBLIC        R_Cl_P
  D:002EH         PUBLIC        R_Second
  C:0617H         PUBLIC        Calculate
  D:002FH         PUBLIC        R_RelayWkTmOFF
  D:0030H         PUBLIC        R_Data_V1
  D:0032H         PUBLIC        R_Data_V2
  D:0034H         PUBLIC        R_Protect
  B:00A8H.4       PUBLIC        ES
  D:0035H         PUBLIC        R_Data_Add
  D:00B8H         PUBLIC        IP
  C:1938H         PUBLIC        Inter_Timer0
  B:0098H.0       PUBLIC        RI
  B:00B0H.2       PUBLIC        INT0
  B:0098H.1       PUBLIC        TI
  B:0020H.0       PUBLIC        Flg_AutoMode
  D:0037H         PUBLIC        R_PreFrcCnt
  D:0039H         PUBLIC        R_SecondBak
  C:0026H         PUBLIC        DealKey
  D:003AH         PUBLIC        R_RxCnt
  D:00D8H         PUBLIC        CCON
  D:003BH         PUBLIC        R_DispTmUI
  D:003CH         PUBLIC        R_TxCnt
  C:172CH         PUBLIC        main
  C:19F0H         PUBLIC        SendData_UART
  D:003DH         PUBLIC        R_Minute
  D:003EH         PUBLIC        R_SecondDS
  D:003FH         PUBLIC        R_PreFrcTmp
  D:0041H         PUBLIC        R_Data_Frc
  D:0043H         PUBLIC        R_MainTemper
  C:1BA8H         PUBLIC        RelayDrv
  D:0020H         PUBLIC        R_Flag
  D:0045H         PUBLIC        R_Data_Day
  B:0020H.1       PUBLIC        Flg_SetMode
  B:0024H.3       PUBLIC        Flg_RecOK
  D:0099H         PUBLIC        SBUF
  D:0047H         PUBLIC        R_Data_Min
  D:0098H         PUBLIC        SCON
  D:0089H         PUBLIC        TMOD
  D:0088H         PUBLIC        TCON
  C:1BC3H         PUBLIC        RecData_UART
  D:0049H         PUBLIC        R_DelaySave
  D:004AH         PUBLIC        R_Data_TV
  B:00B0H.3       PUBLIC        Pin_Relay1
  B:00B0H.1       PUBLIC        Pin_Relay2
BL51 BANKED LINKER/LOCATER V6.22                                                      11/09/2017  16:51:28  PAGE 6


  B:00B0H.0       PUBLIC        Pin_Relay3
  D:004CH         PUBLIC        R_NT_V2
  D:004DH         PUBLIC        R_Data_DayBak
  D:004FH         PUBLIC        R_ExitSetTm
  D:0050H         PUBLIC        R_AddTimer
  D:00F0H         PUBLIC        B
  D:008EH         PUBLIC        AUXR
  C:0F1BH         PUBLIC        UpdateDisplay
  B:0024H.4       PUBLIC        Flg_500MsFlash
  D:0052H         PUBLIC        R_Data_MinBak
  D:0054H         PUBLIC        R_2ms
  B:0024H.5       PUBLIC        Flg_ToErrom
  D:00E0H         PUBLIC        ACC
  C:1C86H         PUBLIC        Inter_Ext0
  C:168EH         PUBLIC        Inter_Serial
  B:0020H.5       PUBLIC        Flg_ToAdd
  B:00A8H.1       PUBLIC        ET0
  B:0024H.6       PUBLIC        Flg_StartUART
  D:008CH         PUBLIC        TH0
  B:0024H.7       PUBLIC        Flg_PinSta
  B:00A8H.0       PUBLIC        EX0
  B:0088H.0       PUBLIC        IT0
  D:00D6H         PUBLIC        T2H
  D:008AH         PUBLIC        TL0
  D:0055H         PUBLIC        R_Hour
  D:00D7H         PUBLIC        T2L
  C:1B6AH         PUBLIC        Recovery
  D:0056H         PUBLIC        R_MachCnt
  D:0057H         PUBLIC        R_RelayWkTmON
  B:0088H.4       PUBLIC        TR0
  D:00E1H         PUBLIC        WDT_CONTR
  D:0058H         PUBLIC        R_AddPluseBak
  D:005CH         PUBLIC        R_Data_K
  B:0025H.0       PUBLIC        Flg_Second
  C:1C87H         PUBLIC        SaveDateToErrom
  D:005EH         PUBLIC        R_NT_TV
  D:0021H         PUBLIC        R_Flag2
  D:005FH         PUBLIC        R_JmpmsCnt
  D:0060H         PUBLIC        R_PluseCnt
  B:0098H.4       PUBLIC        REN
  D:0064H         PUBLIC        R_SetMode
  D:0065H         PUBLIC        R_DataTmp_TV
  C:17BBH         PUBLIC        CheckError
  C:199AH         PUBLIC        Sys_Initial
  B:0020H.2       PUBLIC        Flg_RelayWk1
  B:0021H.0       PUBLIC        Flg_E1
  D:0069H         PUBLIC        R_AddPluseCnt
  B:0020H.3       PUBLIC        Flg_RelayWk2
  B:0021H.1       PUBLIC        Flg_E2
  B:0020H.4       PUBLIC        Flg_RelayWk3
  C:14EBH         PUBLIC        Timer50msCnt
  B:0021H.2       PUBLIC        Flg_E3
  B:0021H.3       PUBLIC        Flg_E4
  B:0021H.4       PUBLIC        Flg_E5
  B:0021H.5       PUBLIC        Flg_E6
  B:0021H.6       PUBLIC        Flg_E7
  D:006DH         PUBLIC        R_PreFrc
BL51 BANKED LINKER/LOCATER V6.22                                                      11/09/2017  16:51:28  PAGE 7


  D:0071H         PUBLIC        R_RlDelayOpen
  D:00D0H         PUBLIC        PSW
  D:0072H         PUBLIC        R_WkMode
  D:0094H         PUBLIC        P0M0
  C:11A0H         SYMBOL        Com01E1
  C:11A0H         SYMBOL        L?0482
  C:11E3H         SYMBOL        L?0483
  C:11ECH         SYMBOL        L?0484
  C:11EEH         SYMBOL        L?0485
  C:11F4H         SYMBOL        L?0486
  C:1204H         SYMBOL        L?0487
  C:120AH         SYMBOL        L?0488
  C:121DH         SYMBOL        L?0489
  C:122EH         SYMBOL        L?0490
  C:122EH         SYMBOL        L?0491
  C:123BH         SYMBOL        L?0492
  C:123FH         SYMBOL        L?0493
  C:1245H         SYMBOL        L?0494
  C:1245H         SYMBOL        L?0495
  C:1250H         SYMBOL        L?0496
  C:1250H         SYMBOL        L?0497
  C:1258H         SYMBOL        L?0498
  C:125EH         SYMBOL        L?0499
  C:126AH         SYMBOL        L?0500
  C:126AH         SYMBOL        L?0501
  C:1272H         SYMBOL        L?0502
  C:1276H         SYMBOL        L?0503
  C:127CH         SYMBOL        L?0504
  C:1280H         SYMBOL        L?0505
  C:1283H         SYMBOL        L?0506
  C:128EH         SYMBOL        L?0507
  C:1299H         SYMBOL        L?0508
  C:12A8H         SYMBOL        L?0509
  C:12A8H         SYMBOL        L?0510
  C:12ADH         SYMBOL        L?0511
  C:12B4H         SYMBOL        L?0512
  C:12B4H         SYMBOL        L?0513
  C:12B9H         SYMBOL        L?0514
  C:12C0H         SYMBOL        L?0515
  C:12C0H         SYMBOL        L?0516
  C:12C8H         SYMBOL        L?0517
  C:12C8H         SYMBOL        L?0518
  C:12D4H         SYMBOL        L?0519
  C:12D4H         SYMBOL        L?0520
  C:12DDH         SYMBOL        L?0521
  C:12DDH         SYMBOL        L?0522
  C:12E9H         SYMBOL        L?0523
  C:12E9H         SYMBOL        L?0524
  C:12F6H         SYMBOL        L?0525
  C:12F6H         SYMBOL        L?0526
  C:1303H         SYMBOL        L?0527
  C:1303H         SYMBOL        L?0528
  C:1306H         SYMBOL        L?0529
  C:130EH         SYMBOL        L?0530
  C:130EH         SYMBOL        L?0531
  C:1311H         SYMBOL        L?0532
  C:1319H         SYMBOL        L?0533
BL51 BANKED LINKER/LOCATER V6.22                                                      11/09/2017  16:51:28  PAGE 8


  C:1319H         SYMBOL        L?0534
  C:1322H         SYMBOL        L?0535
  C:1322H         SYMBOL        L?0536
  C:1328H         SYMBOL        L?0537
  C:1329H         SYMBOL        L?0538
  C:1335H         SYMBOL        L?0539
  C:1335H         SYMBOL        L?0540
  C:133EH         SYMBOL        L?0541
  C:133EH         SYMBOL        L?0542
  C:1346H         SYMBOL        L?0543
  C:1346H         SYMBOL        L?0544
  C:1350H         SYMBOL        L?0545
  C:1350H         SYMBOL        L?0546
  C:135AH         SYMBOL        L?0547
  C:135AH         SYMBOL        L?0548
  C:1363H         SYMBOL        L?0549
  C:1363H         SYMBOL        L?0550
  C:136BH         SYMBOL        L?0551
  C:1376H         SYMBOL        L?0552
  C:1380H         SYMBOL        L?0553
  C:138AH         SYMBOL        L?0554
  C:1394H         SYMBOL        L?0555
  C:139EH         SYMBOL        L?0556
  C:13A8H         SYMBOL        L?0557
  -------         PROC          COM01E1
  -------         ENDPROC       COM01E1
  -------         PROC          MAIN
  C:172CH         LINE#         181
  C:172CH         LINE#         182
  C:172CH         LINE#         183
  C:172FH         LINE#         184
  C:1732H         LINE#         185
  C:1735H         LINE#         223
  C:1738H         LINE#         224
  C:173BH         LINE#         225
  C:173BH         LINE#         226
  C:173BH         LINE#         227
  C:173EH         LINE#         228
  C:1741H         LINE#         229
  C:1744H         LINE#         230
  C:1747H         LINE#         231
  C:174AH         LINE#         232
  C:174DH         LINE#         233
  C:1750H         LINE#         235
  C:1753H         LINE#         236
  C:1753H         LINE#         237
  C:1755H         LINE#         239
  C:175FH         LINE#         240
  C:178BH         LINE#         241
  C:178BH         LINE#         242
  C:178BH         LINE#         243
  C:178EH         LINE#         244
  C:1794H         LINE#         245
  C:1794H         LINE#         246
  C:1796H         LINE#         247
  C:1796H         LINE#         248
  C:1799H         LINE#         249
BL51 BANKED LINKER/LOCATER V6.22                                                      11/09/2017  16:51:28  PAGE 9


  C:179BH         LINE#         250
  C:179BH         LINE#         251
  C:179BH         LINE#         252
  C:179DH         LINE#         253
  C:179DH         LINE#         254
  C:17A0H         LINE#         255
  C:17A2H         LINE#         256
  C:17A2H         LINE#         257
  C:17A5H         LINE#         258
  C:17A7H         LINE#         259
  C:17A7H         LINE#         261
  C:17A7H         LINE#         262
  C:17A7H         LINE#         263
  C:17AAH         LINE#         264
  C:17ACH         LINE#         265
  C:17ACH         LINE#         266
  C:17AFH         LINE#         267
  C:17B1H         LINE#         268
  C:17B1H         LINE#         271
  C:17B1H         LINE#         272
  C:17B1H         LINE#         273
  C:17B4H         LINE#         274
  C:17B6H         LINE#         275
  C:17B6H         LINE#         276
  C:17B9H         LINE#         277
  -------         ENDPROC       MAIN
  -------         PROC          INTER_TIMER0
  -------         DO            
  D:0026H         SYMBOL        R_MSCnt
  -------         ENDDO         
  C:1938H         LINE#         292
  C:1955H         LINE#         309
  C:1960H         LINE#         310
  C:1960H         LINE#         311
  C:1968H         LINE#         312
  C:196AH         LINE#         314
  C:196AH         LINE#         315
  C:1970H         LINE#         316
  C:1970H         LINE#         317
  C:1972H         LINE#         318
  C:1977H         LINE#         319
  C:1977H         LINE#         320
  C:197AH         LINE#         321
  C:197CH         LINE#         322
  C:197CH         LINE#         326
  C:197FH         LINE#         327
  -------         ENDPROC       INTER_TIMER0
  -------         PROC          INTER_SERIAL
  -------         DO            
  D:0006H         SYMBOL        len
  D:0007H         SYMBOL        i
  D:0004H         SYMBOL        j
  D:0027H         SYMBOL        R_RCnt
  -------         ENDDO         
  C:168EH         LINE#         336
  C:169FH         LINE#         339
  C:16A2H         LINE#         348
BL51 BANKED LINKER/LOCATER V6.22                                                      11/09/2017  16:51:28  PAGE 10


  C:16A5H         LINE#         349
  C:16A5H         LINE#         350
  C:16A8H         LINE#         351
  C:16A8H         LINE#         352
  C:16AAH         LINE#         353
  C:16ACH         LINE#         354
  C:16B0H         LINE#         355
  C:16B0H         LINE#         356
  C:16B2H         LINE#         357
  C:16B8H         LINE#         358
  C:16B8H         LINE#         359
  C:16BAH         LINE#         360
  C:16BAH         LINE#         361
  C:16BAH         LINE#         363
  C:16BCH         LINE#         365
  C:16BCH         LINE#         366
  C:16BEH         LINE#         367
  C:16C0H         LINE#         368
  C:16C7H         LINE#         369
  C:16C7H         LINE#         370
  C:16CAH         LINE#         371
  C:16CAH         LINE#         372
  C:16CFH         LINE#         373
  C:16D8H         LINE#         374
  C:16D8H         LINE#         375
  C:16D8H         LINE#         376
  C:16D8H         LINE#         378
  C:16E1H         LINE#         379
  C:16E1H         LINE#         380
  C:16E7H         LINE#         381
  C:16E9H         LINE#         382
  C:16EDH         LINE#         384
  C:16EDH         LINE#         386
  C:16EDH         LINE#         387
  C:16EDH         LINE#         388
  C:16EDH         LINE#         390
  C:16F0H         LINE#         392
  C:16F0H         LINE#         393
  C:16F2H         LINE#         394
  C:16F4H         LINE#         395
  C:16F7H         LINE#         396
  C:16F7H         LINE#         397
  C:16F7H         LINE#         398
  C:16F9H         LINE#         399
  C:16FFH         LINE#         400
  C:16FFH         LINE#         401
  C:1701H         LINE#         402
  C:1705H         LINE#         403
  C:170CH         LINE#         404
  C:170CH         LINE#         406
  C:1713H         LINE#         407
  C:1716H         LINE#         408
  C:1718H         LINE#         411
  C:171BH         LINE#         412
  C:171DH         LINE#         413
  C:171DH         LINE#         415
  -------         ENDPROC       INTER_SERIAL
BL51 BANKED LINKER/LOCATER V6.22                                                      11/09/2017  16:51:28  PAGE 11


  -------         PROC          INTER_EXT0
  C:1C86H         LINE#         426
  C:1C86H         LINE#         429
  -------         ENDPROC       INTER_EXT0
  -------         PROC          UPDATEDISPLAY
  C:0F1BH         LINE#         439
  C:0F1BH         LINE#         440
  C:0F1BH         LINE#         441
  C:0F1DH         LINE#         442
  C:0F28H         LINE#         444
  C:0F3AH         LINE#         445
  C:0F3AH         LINE#         446
  C:0F3AH         LINE#         448
  C:0F3AH         LINE#         449
  C:0F66H         LINE#         450
  C:0F66H         LINE#         451
  C:0F66H         LINE#         452
  C:0F69H         LINE#         453
  C:0F7BH         LINE#         454
  C:0F8DH         LINE#         455
  C:0F95H         LINE#         456
  C:0F98H         LINE#         457
  C:0F98H         LINE#         458
  C:0F9BH         LINE#         459
  C:0F9BH         LINE#         460
  C:0F9EH         LINE#         461
  C:0FA0H         LINE#         463
  C:0FA0H         LINE#         464
  C:0FA4H         LINE#         465
  C:0FA4H         LINE#         467
  C:0FA7H         LINE#         468
  C:0FA7H         LINE#         470
  C:0FA7H         LINE#         472
  C:0FA7H         LINE#         474
  C:0FACH         LINE#         475
  C:0FB3H         LINE#         476
  C:0FB6H         LINE#         478
  C:0FB6H         LINE#         480
  C:0FC1H         LINE#         482
  C:0FC9H         LINE#         484
  C:0FD2H         LINE#         485
  C:0FD9H         LINE#         486
  C:0FDCH         LINE#         487
  C:0FDCH         LINE#         488
  C:0FE9H         LINE#         489
  C:0FF5H         LINE#         490
  C:0FFEH         LINE#         491
  C:1005H         LINE#         492
  C:1008H         LINE#         493
  C:1008H         LINE#         494
  C:1015H         LINE#         495
  C:1021H         LINE#         496
  C:102AH         LINE#         497
  C:1034H         LINE#         500
  C:1044H         LINE#         501
  C:1044H         LINE#         502
  C:1044H         LINE#         503
BL51 BANKED LINKER/LOCATER V6.22                                                      11/09/2017  16:51:28  PAGE 12


  C:1044H         LINE#         504
  C:1047H         LINE#         505
  C:1047H         LINE#         506
  C:1047H         LINE#         507
  C:104AH         LINE#         508
  C:104AH         LINE#         509
  C:104AH         LINE#         510
  C:104DH         LINE#         511
  C:104DH         LINE#         513
  C:104DH         LINE#         514
  C:104DH         LINE#         515
  C:105AH         LINE#         516
  C:1066H         LINE#         517
  C:106FH         LINE#         518
  C:1079H         LINE#         521
  C:1086H         LINE#         522
  C:1086H         LINE#         523
  C:1086H         LINE#         524
  C:1086H         LINE#         525
  C:1089H         LINE#         526
  C:1089H         LINE#         527
  C:1089H         LINE#         528
  C:108CH         LINE#         529
  C:108CH         LINE#         530
  C:108CH         LINE#         531
  C:108FH         LINE#         532
  C:108FH         LINE#         533
  C:108FH         LINE#         534
  C:108FH         LINE#         535
  C:109CH         LINE#         536
  C:10A8H         LINE#         537
  C:10B1H         LINE#         538
  C:10BBH         LINE#         539
  C:10BEH         LINE#         540
  C:10BEH         LINE#         541
  C:10CBH         LINE#         542
  C:10D7H         LINE#         543
  C:10DEH         LINE#         544
  C:10E4H         LINE#         547
  C:10F1H         LINE#         548
  C:10F1H         LINE#         549
  C:10F1H         LINE#         550
  C:10F4H         LINE#         551
  C:10F6H         LINE#         552
  C:10F6H         LINE#         553
  C:10F9H         LINE#         554
  C:10FBH         LINE#         555
  C:10FBH         LINE#         556
  C:10FEH         LINE#         557
  C:10FEH         LINE#         558
  C:10FEH         LINE#         559
  C:10FEH         LINE#         560
  C:10FEH         LINE#         561
  C:10FEH         LINE#         562
  C:10FEH         LINE#         564
  C:1102H         LINE#         565
  C:1102H         LINE#         566
BL51 BANKED LINKER/LOCATER V6.22                                                      11/09/2017  16:51:28  PAGE 13


  C:1105H         LINE#         567
  C:1105H         LINE#         568
  C:1108H         LINE#         569
  C:110BH         LINE#         570
  C:110EH         LINE#         571
  C:1111H         LINE#         572
  C:1114H         LINE#         574
  C:1114H         LINE#         575
  C:111AH         LINE#         576
  C:111AH         LINE#         578
  C:111AH         LINE#         580
  C:111AH         LINE#         582
  C:111FH         LINE#         583
  C:1123H         LINE#         584
  C:1125H         LINE#         586
  C:1125H         LINE#         588
  C:1130H         LINE#         590
  C:1138H         LINE#         592
  C:1141H         LINE#         593
  C:114BH         LINE#         594
  C:114BH         LINE#         595
  C:114BH         LINE#         597
  C:114EH         LINE#         598
  C:114EH         LINE#         599
  C:115BH         LINE#         600
  C:1167H         LINE#         601
  C:116EH         LINE#         602
  C:1174H         LINE#         603
  C:1174H         LINE#         604
  C:1176H         LINE#         606
  C:1176H         LINE#         607
  C:117EH         LINE#         608
  C:117EH         LINE#         610
  C:1184H         LINE#         611
  C:1184H         LINE#         612
  C:1187H         LINE#         613
  C:1187H         LINE#         614
  C:1189H         LINE#         615
  C:1189H         LINE#         616
  C:118CH         LINE#         617
  C:118CH         LINE#         618
  C:118CH         LINE#         619
  C:118CH         LINE#         620
  C:118FH         LINE#         621
  C:1192H         LINE#         622
  C:119AH         LINE#         623
  C:119DH         LINE#         624
  C:119DH         LINE#         625
  C:119DH         LINE#         626
  C:119DH         LINE#         627
  C:119DH         LINE#         629
  C:119FH         LINE#         630
  -------         ENDPROC       UPDATEDISPLAY
  -------         PROC          TIMER50MSCNT
  -------         DO            
  D:0028H         SYMBOL        R_500msCnt
  D:0029H         SYMBOL        R_100msCnt
BL51 BANKED LINKER/LOCATER V6.22                                                      11/09/2017  16:51:28  PAGE 14


  -------         ENDDO         
  C:14EBH         LINE#         641
  C:14EBH         LINE#         642
  C:14EBH         LINE#         644
  C:14EDH         LINE#         645
  C:14EFH         LINE#         647
  C:14F1H         LINE#         650
  C:14F1H         LINE#         651
  C:14F6H         LINE#         652
  C:14F6H         LINE#         653
  C:14F9H         LINE#         655
  C:14F9H         LINE#         657
  C:14F9H         LINE#         658
  C:14FDH         LINE#         659
  C:14FDH         LINE#         660
  C:1500H         LINE#         661
  C:1500H         LINE#         662
  C:1500H         LINE#         663
  C:1502H         LINE#         664
  C:1504H         LINE#         665
  C:1504H         LINE#         666
  C:1504H         LINE#         668
  C:1507H         LINE#         669
  C:1507H         LINE#         670
  C:1509H         LINE#         671
  C:150BH         LINE#         672
  C:1511H         LINE#         673
  C:1511H         LINE#         674
  C:1513H         LINE#         675
  C:1519H         LINE#         676
  C:1519H         LINE#         677
  C:151CH         LINE#         678
  C:151CH         LINE#         679
  C:1524H         LINE#         680
  C:152AH         LINE#         681
  C:152AH         LINE#         682
  C:152DH         LINE#         683
  C:152DH         LINE#         684
  C:152DH         LINE#         685
  C:152DH         LINE#         686
  C:1531H         LINE#         687
  C:1531H         LINE#         688
  C:1534H         LINE#         689
  C:1534H         LINE#         690
  C:1534H         LINE#         691
  C:1537H         LINE#         692
  C:1537H         LINE#         693
  C:1537H         LINE#         694
  C:153BH         LINE#         695
  C:153BH         LINE#         696
  C:153EH         LINE#         697
  C:153EH         LINE#         698
  C:153EH         LINE#         699
  C:1541H         LINE#         700
  C:1541H         LINE#         701
  C:1541H         LINE#         702
  C:1544H         LINE#         703
BL51 BANKED LINKER/LOCATER V6.22                                                      11/09/2017  16:51:28  PAGE 15


  C:1544H         LINE#         704
  C:154AH         LINE#         705
  C:154AH         LINE#         706
  C:1552H         LINE#         707
  C:1558H         LINE#         708
  C:1558H         LINE#         709
  C:155EH         LINE#         710
  C:155EH         LINE#         711
  C:1566H         LINE#         712
  C:1566H         LINE#         713
  C:1566H         LINE#         714
  C:1566H         LINE#         715
  C:1568H         LINE#         717
  C:1568H         LINE#         718
  C:156EH         LINE#         719
  C:156EH         LINE#         720
  C:1576H         LINE#         721
  C:157CH         LINE#         722
  C:157CH         LINE#         723
  C:157CH         LINE#         724
  C:157CH         LINE#         725
  C:157CH         LINE#         726
  C:157CH         LINE#         728
  C:1582H         LINE#         729
  C:1582H         LINE#         730
  C:1584H         LINE#         733
  C:1586H         LINE#         738
  C:1589H         LINE#         739
  C:1589H         LINE#         741
  C:1594H         LINE#         742
  C:1594H         LINE#         743
  C:159CH         LINE#         744
  C:159CH         LINE#         745
  C:15A0H         LINE#         746
  C:15A0H         LINE#         747
  C:15A3H         LINE#         748
  C:15A3H         LINE#         749
  C:15A3H         LINE#         750
  C:15A5H         LINE#         751
  C:15A5H         LINE#         752
  C:15A5H         LINE#         753
  C:15A9H         LINE#         754
  C:15A9H         LINE#         755
  C:15ABH         LINE#         756
  C:15ABH         LINE#         757
  C:15AFH         LINE#         758
  C:15AFH         LINE#         759
  C:15B2H         LINE#         760
  C:15B2H         LINE#         761
  C:15B2H         LINE#         762
  C:15B4H         LINE#         763
  C:15B4H         LINE#         764
  C:15B4H         LINE#         787
  C:15B4H         LINE#         789
  C:15B4H         LINE#         790
  C:15B7H         LINE#         791
  C:15B7H         LINE#         792
BL51 BANKED LINKER/LOCATER V6.22                                                      11/09/2017  16:51:28  PAGE 16


  C:15C6H         LINE#         793
  C:15C6H         LINE#         794
  C:15C8H         LINE#         795
  C:15CBH         LINE#         796
  C:15CDH         LINE#         797
  C:15D0H         LINE#         798
  C:15D0H         LINE#         799
  C:15D0H         LINE#         800
  C:15D3H         LINE#         802
  C:15D9H         LINE#         803
  C:15DFH         LINE#         804
  C:15E2H         LINE#         805
  C:15E2H         LINE#         806
  C:15E2H         LINE#         811
  -------         ENDPROC       TIMER50MSCNT
  -------         PROC          CALCULATE
  C:0617H         LINE#         821
  C:0617H         LINE#         822
  C:0617H         LINE#         825
  C:0632H         LINE#         826
  C:0632H         LINE#         827
  C:0632H         LINE#         828
  C:0664H         LINE#         830
  C:0676H         LINE#         831
  C:0676H         LINE#         832
  C:0676H         LINE#         833
  C:068FH         LINE#         834
  C:0692H         LINE#         835
  C:0692H         LINE#         836
  C:06AEH         LINE#         837
  C:06B1H         LINE#         838
  C:06B1H         LINE#         839
  C:06D0H         LINE#         840
  C:06D3H         LINE#         841
  C:06D3H         LINE#         842
  C:06F2H         LINE#         843
  C:06F5H         LINE#         844
  C:06F5H         LINE#         845
  C:06F5H         LINE#         846
  C:06F5H         LINE#         847
  C:06F5H         LINE#         848
  C:06F5H         LINE#         849
  C:072EH         LINE#         850
  C:0740H         LINE#         851
  C:0740H         LINE#         852
  C:0740H         LINE#         853
  C:0759H         LINE#         854
  C:075CH         LINE#         855
  C:075CH         LINE#         856
  C:0778H         LINE#         857
  C:077BH         LINE#         858
  C:077BH         LINE#         859
  C:079AH         LINE#         860
  C:079DH         LINE#         861
  C:079DH         LINE#         862
  C:07BCH         LINE#         863
  C:07BFH         LINE#         864
BL51 BANKED LINKER/LOCATER V6.22                                                      11/09/2017  16:51:28  PAGE 17


  C:07BFH         LINE#         865
  C:07BFH         LINE#         866
  C:07BFH         LINE#         867
  C:07BFH         LINE#         868
  C:07BFH         LINE#         869
  C:07F4H         LINE#         870
  C:0806H         LINE#         871
  C:0806H         LINE#         872
  C:0806H         LINE#         873
  C:081FH         LINE#         874
  C:0822H         LINE#         875
  C:0822H         LINE#         876
  C:083EH         LINE#         877
  C:0841H         LINE#         878
  C:0841H         LINE#         879
  C:0860H         LINE#         880
  C:0863H         LINE#         881
  C:0863H         LINE#         882
  C:0882H         LINE#         883
  C:0885H         LINE#         884
  C:0885H         LINE#         885
  C:0885H         LINE#         886
  C:0885H         LINE#         887
  C:0885H         LINE#         888
  C:0885H         LINE#         889
  C:08BDH         LINE#         890
  C:08D5H         LINE#         891
  C:08D5H         LINE#         892
  C:08D5H         LINE#         893
  C:091AH         LINE#         894
  C:091DH         LINE#         895
  C:091DH         LINE#         896
  C:096BH         LINE#         897
  C:096EH         LINE#         898
  C:096EH         LINE#         899
  C:09BFH         LINE#         900
  C:09C1H         LINE#         901
  C:09C1H         LINE#         902
  C:0A20H         LINE#         903
  C:0A20H         LINE#         904
  C:0A20H         LINE#         905
  C:0A20H         LINE#         906
  C:0A20H         LINE#         907
  C:0A20H         LINE#         908
  C:0A20H         LINE#         909
  C:0A20H         LINE#         911
  C:0A20H         LINE#         912
  C:0A23H         LINE#         913
  C:0A2EH         LINE#         914
  C:0A2EH         LINE#         915
  C:0A37H         LINE#         916
  C:0A3AH         LINE#         917
  C:0A3DH         LINE#         918
  C:0A40H         LINE#         919
  C:0A4EH         LINE#         920
  C:0A4EH         LINE#         921
  C:0A5BH         LINE#         922
BL51 BANKED LINKER/LOCATER V6.22                                                      11/09/2017  16:51:28  PAGE 18


  C:0A5EH         LINE#         923
  C:0A61H         LINE#         924
  C:0A63H         LINE#         925
  C:0A74H         LINE#         926
  C:0A74H         LINE#         927
  C:0A80H         LINE#         928
  C:0A83H         LINE#         929
  C:0A86H         LINE#         930
  C:0A88H         LINE#         932
  C:0A88H         LINE#         933
  C:0A97H         LINE#         934
  C:0A9FH         LINE#         936
  C:0A9FH         LINE#         937
  C:0AA5H         LINE#         938
  C:0AA5H         LINE#         939
  C:0AA5H         LINE#         941
  C:0AB3H         LINE#         942
  C:0AB3H         LINE#         943
  C:0AB6H         LINE#         944
  C:0AB6H         LINE#         945
  C:0ABCH         LINE#         946
  C:0ABCH         LINE#         947
  C:0ABEH         LINE#         948
  C:0AC0H         LINE#         949
  C:0AC2H         LINE#         950
  C:0AC4H         LINE#         951
  C:0AC6H         LINE#         952
  C:0ACAH         LINE#         953
  C:0ACAH         LINE#         954
  -------         ENDPROC       CALCULATE
  -------         PROC          SENDDATA_UART
  C:19F0H         LINE#         964
  C:19F0H         LINE#         965
  C:19F0H         LINE#         966
  C:19F4H         LINE#         967
  C:19F7H         LINE#         968
  C:19FAH         LINE#         969
  C:19FDH         LINE#         970
  C:1A00H         LINE#         972
  C:1A03H         LINE#         974
  C:1A03H         LINE#         975
  C:1A03H         LINE#         977
  C:1A03H         LINE#         978
  C:1A03H         LINE#         980
  C:1A03H         LINE#         981
  C:1A03H         LINE#         983
  C:1A03H         LINE#         984
  C:1A06H         LINE#         985
  C:1A08H         LINE#         987
  C:1A08H         LINE#         988
  C:1A08H         LINE#         989
  C:1A08H         LINE#         991
  C:1A08H         LINE#         992
  C:1A08H         LINE#         994
  C:1A08H         LINE#         995
  C:1A08H         LINE#         996
  C:1A0BH         LINE#         998
BL51 BANKED LINKER/LOCATER V6.22                                                      11/09/2017  16:51:28  PAGE 19


  C:1A1AH         LINE#         999
  C:1A21H         LINE#         1000
  C:1A28H         LINE#         1001
  C:1A30H         LINE#         1002
  C:1A3BH         LINE#         1003
  -------         ENDPROC       SENDDATA_UART
  -------         PROC          RECDATA_UART
  C:1BC3H         LINE#         1013
  C:1BC3H         LINE#         1014
  C:1BC3H         LINE#         1020
  C:1BC9H         LINE#         1021
  C:1BC9H         LINE#         1023
  C:1BC9H         LINE#         1028
  C:1BD2H         LINE#         1029
  C:1BD2H         LINE#         1030
  C:1BD2H         LINE#         1032
  C:1BD2H         LINE#         1033
  C:1BD2H         LINE#         1036
  C:1BD2H         LINE#         1037
  C:1BD2H         LINE#         1039
  C:1BD2H         LINE#         1040
  C:1BD2H         LINE#         1042
  C:1BD2H         LINE#         1043
  C:1BD2H         LINE#         1045
  C:1BD2H         LINE#         1046
  C:1BD2H         LINE#         1048
  C:1BD2H         LINE#         1049
  C:1BD2H         LINE#         1050
  C:1BD5H         LINE#         1051
  C:1BD5H         LINE#         1052
  C:1BD5H         LINE#         1053
  C:1BD5H         LINE#         1054
  C:1BD5H         LINE#         1056
  C:1BD7H         LINE#         1057
  C:1BDCH         LINE#         1058
  -------         ENDPROC       RECDATA_UART
  -------         PROC          CLEARDATA_UART
  B:0025H.2       SYMBOL        Flg_Sta
  -------         DO            
  D:0007H         SYMBOL        i
  -------         ENDDO         
  C:1C40H         LINE#         1068
  C:1C40H         LINE#         1069
  C:1C40H         LINE#         1072
  C:1C42H         LINE#         1073
  C:1C42H         LINE#         1074
  C:1C45H         LINE#         1075
  C:1C49H         LINE#         1077
  C:1C49H         LINE#         1078
  C:1C4FH         LINE#         1079
  C:1C4FH         LINE#         1080
  C:1C53H         LINE#         1081
  -------         ENDPROC       CLEARDATA_UART
  -------         PROC          DEALKEY
  -------         DO            
  D:0007H         SYMBOL        R_BottomMode
  -------         ENDDO         
BL51 BANKED LINKER/LOCATER V6.22                                                      11/09/2017  16:51:28  PAGE 20


  C:0026H         LINE#         1092
  C:0026H         LINE#         1093
  C:0026H         LINE#         1094
  C:0026H         LINE#         1095
  C:002CH         LINE#         1096
  C:002CH         LINE#         1098
  C:002CH         LINE#         1099
  C:002EH         LINE#         1100
  C:0031H         LINE#         1101
  C:0033H         LINE#         1102
  C:0036H         LINE#         1103
  C:004CH         LINE#         1104
  C:004CH         LINE#         1105
  C:004CH         LINE#         1107
  C:0052H         LINE#         1108
  C:0052H         LINE#         1109
  C:007BH         LINE#         1110
  C:007BH         LINE#         1111
  C:007BH         LINE#         1112
  C:0085H         LINE#         1113
  C:0087H         LINE#         1114
  C:008AH         LINE#         1115
  C:008AH         LINE#         1116
  C:008CH         LINE#         1117
  C:0096H         LINE#         1118
  C:009BH         LINE#         1120
  C:009DH         LINE#         1121
  C:009FH         LINE#         1122
  C:00A2H         LINE#         1123
  C:00A5H         LINE#         1124
  C:00A5H         LINE#         1125
  C:00A5H         LINE#         1126
  C:00A8H         LINE#         1127
  C:00ABH         LINE#         1128
  C:00ABH         LINE#         1129
  C:00AEH         LINE#         1130
  C:00AEH         LINE#         1131
  C:00B9H         LINE#         1132
  C:00B9H         LINE#         1133
  C:00C4H         LINE#         1134
  C:00C6H         LINE#         1136
  C:00C6H         LINE#         1137
  C:00CBH         LINE#         1138
  C:00CBH         LINE#         1139
  C:00D3H         LINE#         1140
  C:00D3H         LINE#         1141
  C:00D3H         LINE#         1142
  C:00D5H         LINE#         1144
  C:00D5H         LINE#         1145
  C:00DAH         LINE#         1146
  C:00DAH         LINE#         1147
  C:00E2H         LINE#         1148
  C:00E2H         LINE#         1149
  C:00E2H         LINE#         1152
  C:00E8H         LINE#         1153
  C:00EBH         LINE#         1155
  C:00EBH         LINE#         1157
BL51 BANKED LINKER/LOCATER V6.22                                                      11/09/2017  16:51:28  PAGE 21


  C:00EEH         LINE#         1158
  C:00EEH         LINE#         1159
  C:00F9H         LINE#         1160
  C:00F9H         LINE#         1161
  C:0104H         LINE#         1162
  C:0106H         LINE#         1164
  C:0106H         LINE#         1165
  C:010BH         LINE#         1166
  C:010BH         LINE#         1167
  C:0113H         LINE#         1168
  C:0113H         LINE#         1169
  C:0113H         LINE#         1170
  C:0115H         LINE#         1172
  C:0115H         LINE#         1173
  C:011AH         LINE#         1174
  C:011AH         LINE#         1175
  C:0122H         LINE#         1176
  C:0122H         LINE#         1177
  C:0122H         LINE#         1179
  C:0128H         LINE#         1180
  C:012BH         LINE#         1181
  C:012BH         LINE#         1182
  C:0139H         LINE#         1183
  C:0141H         LINE#         1184
  C:0144H         LINE#         1185
  C:0144H         LINE#         1187
  C:0147H         LINE#         1188
  C:0147H         LINE#         1189
  C:0152H         LINE#         1190
  C:0154H         LINE#         1192
  C:0154H         LINE#         1193
  C:015CH         LINE#         1194
  C:015CH         LINE#         1195
  C:016CH         LINE#         1196
  C:016CH         LINE#         1197
  C:016CH         LINE#         1199
  C:016CH         LINE#         1200
  C:016CH         LINE#         1201
  C:0174H         LINE#         1202
  C:0174H         LINE#         1203
  C:0177H         LINE#         1204
  C:0177H         LINE#         1205
  C:0177H         LINE#         1206
  C:0179H         LINE#         1207
  C:0179H         LINE#         1208
  C:0181H         LINE#         1209
  C:0181H         LINE#         1210
  C:0184H         LINE#         1211
  C:018AH         LINE#         1212
  C:018AH         LINE#         1213
  C:018DH         LINE#         1214
  C:018DH         LINE#         1215
  C:019BH         LINE#         1216
  C:019BH         LINE#         1217
  C:019EH         LINE#         1218
  C:01A4H         LINE#         1219
  C:01A4H         LINE#         1220
BL51 BANKED LINKER/LOCATER V6.22                                                      11/09/2017  16:51:28  PAGE 22


  C:01A7H         LINE#         1221
  C:01A7H         LINE#         1223
  C:01A7H         LINE#         1224
  C:01A7H         LINE#         1225
  C:01AAH         LINE#         1226
  C:01AAH         LINE#         1227
  C:01B5H         LINE#         1228
  C:01B7H         LINE#         1230
  C:01B7H         LINE#         1231
  C:01BFH         LINE#         1232
  C:01BFH         LINE#         1233
  C:01D1H         LINE#         1234
  C:01D1H         LINE#         1235
  C:01D1H         LINE#         1237
  C:01D9H         LINE#         1238
  C:01D9H         LINE#         1239
  C:01DCH         LINE#         1240
  C:01E2H         LINE#         1241
  C:01E2H         LINE#         1242
  C:01E5H         LINE#         1243
  C:01E5H         LINE#         1244
  C:01EDH         LINE#         1245
  C:01EDH         LINE#         1246
  C:01F0H         LINE#         1247
  C:01F0H         LINE#         1248
  C:01F0H         LINE#         1249
  C:01F2H         LINE#         1250
  C:01F2H         LINE#         1251
  C:01FAH         LINE#         1252
  C:01FAH         LINE#         1253
  C:01FDH         LINE#         1254
  C:01FDH         LINE#         1255
  C:01FDH         LINE#         1256
  C:01FFH         LINE#         1257
  C:01FFH         LINE#         1258
  C:0207H         LINE#         1259
  C:0207H         LINE#         1260
  C:020AH         LINE#         1261
  C:0210H         LINE#         1262
  C:0210H         LINE#         1263
  C:0213H         LINE#         1264
  C:0213H         LINE#         1266
  C:0213H         LINE#         1267
  C:0213H         LINE#         1269
  C:0216H         LINE#         1270
  C:0216H         LINE#         1271
  C:0221H         LINE#         1272
  C:0221H         LINE#         1273
  C:022CH         LINE#         1274
  C:022FH         LINE#         1276
  C:022FH         LINE#         1277
  C:0234H         LINE#         1278
  C:0234H         LINE#         1279
  C:023CH         LINE#         1280
  C:023CH         LINE#         1281
  C:023CH         LINE#         1282
  C:023FH         LINE#         1284
BL51 BANKED LINKER/LOCATER V6.22                                                      11/09/2017  16:51:28  PAGE 23


  C:023FH         LINE#         1285
  C:0244H         LINE#         1286
  C:0244H         LINE#         1287
  C:024CH         LINE#         1288
  C:024CH         LINE#         1289
  C:024CH         LINE#         1290
  C:024CH         LINE#         1291
  C:024CH         LINE#         1293
  C:024CH         LINE#         1294
  C:024CH         LINE#         1295
  C:024CH         LINE#         1296
  C:024CH         LINE#         1297
  C:024CH         LINE#         1298
  C:024FH         LINE#         1300
  C:024FH         LINE#         1301
  C:0254H         LINE#         1302
  C:0257H         LINE#         1303
  C:0257H         LINE#         1304
  C:0259H         LINE#         1305
  C:025FH         LINE#         1306
  C:025FH         LINE#         1307
  C:025FH         LINE#         1308
  C:0262H         LINE#         1309
  C:0262H         LINE#         1310
  C:0265H         LINE#         1311
  C:0265H         LINE#         1312
  C:0265H         LINE#         1313
  C:0265H         LINE#         1314
  C:0265H         LINE#         1315
  C:0265H         LINE#         1316
  C:0265H         LINE#         1317
  C:0265H         LINE#         1318
  C:0268H         LINE#         1319
  C:0268H         LINE#         1320
  C:026BH         LINE#         1322
  C:026BH         LINE#         1323
  C:026DH         LINE#         1324
  C:0272H         LINE#         1325
  C:0272H         LINE#         1326
  C:0275H         LINE#         1327
  C:0275H         LINE#         1328
  C:0275H         LINE#         1329
  C:0275H         LINE#         1330
  C:0275H         LINE#         1332
  C:0275H         LINE#         1333
  C:0278H         LINE#         1335
  C:0278H         LINE#         1336
  C:027EH         LINE#         1337
  C:027EH         LINE#         1338
  C:02A7H         LINE#         1339
  C:02A7H         LINE#         1340
  C:02A7H         LINE#         1341
  C:02B1H         LINE#         1342
  C:02B3H         LINE#         1343
  C:02B6H         LINE#         1344
  C:02B6H         LINE#         1345
  C:02B8H         LINE#         1347
BL51 BANKED LINKER/LOCATER V6.22                                                      11/09/2017  16:51:28  PAGE 24


  C:02BAH         LINE#         1348
  C:02BCH         LINE#         1349
  C:02BEH         LINE#         1350
  C:02C0H         LINE#         1351
  C:02C3H         LINE#         1352
  C:02C3H         LINE#         1355
  C:02CEH         LINE#         1356
  C:02CEH         LINE#         1357
  C:02D1H         LINE#         1358
  C:02D1H         LINE#         1359
  C:02DDH         LINE#         1360
  C:02DFH         LINE#         1362
  C:02DFH         LINE#         1363
  C:02E5H         LINE#         1364
  C:02EDH         LINE#         1365
  C:02EDH         LINE#         1366
  C:02EFH         LINE#         1368
  C:02EFH         LINE#         1369
  C:02F5H         LINE#         1370
  C:02FDH         LINE#         1371
  C:02FDH         LINE#         1372
  C:0303H         LINE#         1373
  C:0306H         LINE#         1375
  C:0306H         LINE#         1378
  C:0311H         LINE#         1379
  C:0311H         LINE#         1380
  C:0314H         LINE#         1381
  C:0314H         LINE#         1382
  C:0320H         LINE#         1383
  C:0322H         LINE#         1385
  C:0322H         LINE#         1386
  C:0328H         LINE#         1387
  C:0330H         LINE#         1388
  C:0330H         LINE#         1389
  C:0332H         LINE#         1391
  C:0332H         LINE#         1392
  C:0338H         LINE#         1393
  C:0340H         LINE#         1394
  C:0340H         LINE#         1395
  C:0346H         LINE#         1396
  C:0349H         LINE#         1397
  C:0349H         LINE#         1398
  C:0352H         LINE#         1399
  C:035AH         LINE#         1400
  C:035DH         LINE#         1401
  C:035DH         LINE#         1403
  C:0372H         LINE#         1404
  C:0372H         LINE#         1405
  C:0372H         LINE#         1406
  C:0377H         LINE#         1407
  C:0377H         LINE#         1408
  C:037AH         LINE#         1409
  C:037AH         LINE#         1410
  C:037DH         LINE#         1411
  C:037FH         LINE#         1413
  C:037FH         LINE#         1414
  C:0387H         LINE#         1415
BL51 BANKED LINKER/LOCATER V6.22                                                      11/09/2017  16:51:28  PAGE 25


  C:0387H         LINE#         1416
  C:0389H         LINE#         1418
  C:0389H         LINE#         1419
  C:0391H         LINE#         1420
  C:0391H         LINE#         1421
  C:03A0H         LINE#         1422
  C:03A0H         LINE#         1423
  C:03A3H         LINE#         1424
  C:03A3H         LINE#         1425
  C:03A3H         LINE#         1426
  C:03A6H         LINE#         1427
  C:03A6H         LINE#         1428
  C:03B1H         LINE#         1429
  C:03B1H         LINE#         1430
  C:03B4H         LINE#         1431
  C:03B4H         LINE#         1432
  C:03B7H         LINE#         1433
  C:03B9H         LINE#         1435
  C:03B9H         LINE#         1436
  C:03C1H         LINE#         1437
  C:03C1H         LINE#         1438
  C:03C3H         LINE#         1440
  C:03C3H         LINE#         1441
  C:03CBH         LINE#         1442
  C:03CBH         LINE#         1443
  C:03D4H         LINE#         1444
  C:03D4H         LINE#         1445
  C:03D7H         LINE#         1446
  C:03DCH         LINE#         1447
  C:03DCH         LINE#         1448
  C:03DFH         LINE#         1449
  C:03DFH         LINE#         1450
  C:03E4H         LINE#         1451
  C:03E4H         LINE#         1452
  C:03E7H         LINE#         1453
  C:03E7H         LINE#         1454
  C:03EAH         LINE#         1455
  C:03ECH         LINE#         1457
  C:03ECH         LINE#         1458
  C:03F2H         LINE#         1459
  C:03FAH         LINE#         1460
  C:03FAH         LINE#         1461
  C:03FCH         LINE#         1463
  C:03FCH         LINE#         1464
  C:0402H         LINE#         1465
  C:040AH         LINE#         1466
  C:040AH         LINE#         1467
  C:0419H         LINE#         1468
  C:0419H         LINE#         1469
  C:041CH         LINE#         1470
  C:041CH         LINE#         1471
  C:041CH         LINE#         1472
  C:041EH         LINE#         1473
  C:041EH         LINE#         1474
  C:0423H         LINE#         1475
  C:0423H         LINE#         1476
  C:0426H         LINE#         1477
BL51 BANKED LINKER/LOCATER V6.22                                                      11/09/2017  16:51:28  PAGE 26


  C:0426H         LINE#         1478
  C:0429H         LINE#         1479
  C:042BH         LINE#         1481
  C:042BH         LINE#         1482
  C:0433H         LINE#         1483
  C:0433H         LINE#         1484
  C:0435H         LINE#         1486
  C:0435H         LINE#         1487
  C:043DH         LINE#         1488
  C:043DH         LINE#         1489
  C:044CH         LINE#         1490
  C:044CH         LINE#         1491
  C:044FH         LINE#         1492
  C:0455H         LINE#         1493
  C:0455H         LINE#         1494
  C:0458H         LINE#         1495
  C:0458H         LINE#         1496
  C:0458H         LINE#         1497
  C:0458H         LINE#         1499
  C:0470H         LINE#         1500
  C:0470H         LINE#         1501
  C:0470H         LINE#         1502
  C:0475H         LINE#         1503
  C:0475H         LINE#         1504
  C:0478H         LINE#         1505
  C:0478H         LINE#         1506
  C:047BH         LINE#         1507
  C:047DH         LINE#         1509
  C:047DH         LINE#         1510
  C:0485H         LINE#         1511
  C:0485H         LINE#         1512
  C:0487H         LINE#         1514
  C:0487H         LINE#         1515
  C:048FH         LINE#         1516
  C:048FH         LINE#         1517
  C:049EH         LINE#         1518
  C:049EH         LINE#         1519
  C:04A1H         LINE#         1520
  C:04A1H         LINE#         1521
  C:04A1H         LINE#         1522
  C:04A4H         LINE#         1523
  C:04A4H         LINE#         1524
  C:04AFH         LINE#         1525
  C:04AFH         LINE#         1526
  C:04B2H         LINE#         1527
  C:04B2H         LINE#         1528
  C:04B5H         LINE#         1529
  C:04B7H         LINE#         1531
  C:04B7H         LINE#         1532
  C:04BDH         LINE#         1533
  C:04C5H         LINE#         1534
  C:04C5H         LINE#         1535
  C:04C7H         LINE#         1537
  C:04C7H         LINE#         1538
  C:04CDH         LINE#         1539
  C:04D5H         LINE#         1540
  C:04D5H         LINE#         1541
BL51 BANKED LINKER/LOCATER V6.22                                                      11/09/2017  16:51:28  PAGE 27


  C:04DEH         LINE#         1542
  C:04DEH         LINE#         1543
  C:04E1H         LINE#         1544
  C:04E6H         LINE#         1545
  C:04E6H         LINE#         1546
  C:04E9H         LINE#         1547
  C:04E9H         LINE#         1548
  C:04EEH         LINE#         1549
  C:04EEH         LINE#         1550
  C:04F1H         LINE#         1551
  C:04F1H         LINE#         1552
  C:04F4H         LINE#         1553
  C:04F6H         LINE#         1555
  C:04F6H         LINE#         1556
  C:04FEH         LINE#         1557
  C:04FEH         LINE#         1558
  C:0500H         LINE#         1560
  C:0500H         LINE#         1561
  C:0508H         LINE#         1562
  C:0508H         LINE#         1563
  C:0514H         LINE#         1564
  C:0514H         LINE#         1565
  C:0517H         LINE#         1566
  C:0517H         LINE#         1567
  C:0517H         LINE#         1568
  C:0519H         LINE#         1569
  C:0519H         LINE#         1570
  C:051EH         LINE#         1571
  C:051EH         LINE#         1572
  C:0521H         LINE#         1573
  C:0521H         LINE#         1574
  C:0524H         LINE#         1575
  C:0526H         LINE#         1577
  C:0526H         LINE#         1578
  C:052EH         LINE#         1579
  C:052EH         LINE#         1580
  C:0530H         LINE#         1582
  C:0530H         LINE#         1583
  C:0538H         LINE#         1584
  C:0538H         LINE#         1585
  C:0544H         LINE#         1586
  C:0544H         LINE#         1587
  C:0547H         LINE#         1588
  C:054DH         LINE#         1589
  C:054DH         LINE#         1590
  C:054FH         LINE#         1591
  C:054FH         LINE#         1592
  C:054FH         LINE#         1593
  C:054FH         LINE#         1594
  C:055AH         LINE#         1595
  C:055AH         LINE#         1596
  C:055DH         LINE#         1597
  C:055DH         LINE#         1598
  C:0569H         LINE#         1599
  C:056BH         LINE#         1601
  C:056BH         LINE#         1602
  C:0571H         LINE#         1603
BL51 BANKED LINKER/LOCATER V6.22                                                      11/09/2017  16:51:28  PAGE 28


  C:0579H         LINE#         1604
  C:0579H         LINE#         1605
  C:057BH         LINE#         1607
  C:057BH         LINE#         1608
  C:0581H         LINE#         1609
  C:0589H         LINE#         1610
  C:0589H         LINE#         1611
  C:0589H         LINE#         1612
  C:0589H         LINE#         1614
  C:0589H         LINE#         1615
  C:0589H         LINE#         1616
  C:0589H         LINE#         1617
  C:0589H         LINE#         1618
  C:058CH         LINE#         1619
  C:058DH         LINE#         1621
  C:058DH         LINE#         1622
  C:0592H         LINE#         1623
  C:0595H         LINE#         1624
  C:0595H         LINE#         1625
  C:0597H         LINE#         1626
  C:059AH         LINE#         1627
  C:059AH         LINE#         1628
  C:059AH         LINE#         1629
  C:059DH         LINE#         1630
  C:059DH         LINE#         1631
  C:05A0H         LINE#         1632
  C:05A0H         LINE#         1633
  C:05A0H         LINE#         1634
  C:05A0H         LINE#         1635
  C:05A0H         LINE#         1636
  C:05A0H         LINE#         1637
  C:05A0H         LINE#         1638
  C:05A0H         LINE#         1639
  C:05A3H         LINE#         1640
  C:05A3H         LINE#         1641
  C:05A5H         LINE#         1643
  C:05A5H         LINE#         1644
  C:05A9H         LINE#         1645
  C:05A9H         LINE#         1646
  C:05ACH         LINE#         1647
  C:05AEH         LINE#         1649
  C:05AEH         LINE#         1650
  C:05B0H         LINE#         1651
  C:05B0H         LINE#         1652
  C:05B0H         LINE#         1653
  C:05B2H         LINE#         1654
  C:05B4H         LINE#         1656
  C:05B4H         LINE#         1657
  C:05B5H         LINE#         1659
  C:05B5H         LINE#         1670
  C:05BAH         LINE#         1671
  C:05BDH         LINE#         1672
  C:05BDH         LINE#         1675
  C:05BDH         LINE#         1676
  C:05BDH         LINE#         1677
  C:05BFH         LINE#         1678
  C:05C2H         LINE#         1679
BL51 BANKED LINKER/LOCATER V6.22                                                      11/09/2017  16:51:28  PAGE 29


  C:05EBH         LINE#         1680
  C:05EBH         LINE#         1681
  C:05EBH         LINE#         1682
  C:05EDH         LINE#         1683
  C:05EEH         LINE#         1684
  C:05EEH         LINE#         1685
  C:05F0H         LINE#         1686
  C:05F1H         LINE#         1687
  C:05F1H         LINE#         1688
  C:05F3H         LINE#         1689
  C:05F4H         LINE#         1691
  C:05F4H         LINE#         1692
  C:05F6H         LINE#         1693
  C:05F7H         LINE#         1694
  C:05F7H         LINE#         1695
  C:05F9H         LINE#         1696
  C:05FAH         LINE#         1697
  C:05FAH         LINE#         1698
  C:05FCH         LINE#         1699
  C:05FDH         LINE#         1700
  C:05FDH         LINE#         1701
  C:05FFH         LINE#         1702
  C:0600H         LINE#         1703
  C:0600H         LINE#         1704
  C:0602H         LINE#         1705
  C:0603H         LINE#         1706
  C:0603H         LINE#         1707
  C:0605H         LINE#         1708
  C:060EH         LINE#         1709
  C:0616H         LINE#         1710
  C:0616H         LINE#         1711
  C:0616H         LINE#         1712
  C:0616H         LINE#         1713
  C:0616H         LINE#         1714
  C:0616H         LINE#         1716
  C:0616H         LINE#         1717
  C:0616H         LINE#         1718
  C:0616H         LINE#         1720
  -------         ENDPROC       DEALKEY
  -------         PROC          CHECKERROR
  C:17BBH         LINE#         1768
  C:17BBH         LINE#         1769
  C:17BBH         LINE#         1770
  C:17C6H         LINE#         1771
  C:17C6H         LINE#         1772
  C:17C9H         LINE#         1773
  C:17C9H         LINE#         1774
  C:17CBH         LINE#         1775
  C:17CBH         LINE#         1776
  C:17CDH         LINE#         1778
  C:17CDH         LINE#         1779
  C:17CFH         LINE#         1780
  C:17CFH         LINE#         1781
  C:17D2H         LINE#         1782
  C:17D2H         LINE#         1784
  C:17D2H         LINE#         1785
  C:17DEH         LINE#         1786
BL51 BANKED LINKER/LOCATER V6.22                                                      11/09/2017  16:51:28  PAGE 30


  C:17DEH         LINE#         1787
  C:17E0H         LINE#         1788
  C:17E0H         LINE#         1789
  C:17E0H         LINE#         1790
  C:17E2H         LINE#         1792
  C:17E2H         LINE#         1793
  C:17E4H         LINE#         1794
  C:17E4H         LINE#         1796
  C:180DH         LINE#         1797
  C:1824H         LINE#         1798
  C:1824H         LINE#         1799
  C:1826H         LINE#         1800
  C:1828H         LINE#         1802
  C:1828H         LINE#         1803
  C:182AH         LINE#         1804
  C:182AH         LINE#         1805
  C:182DH         LINE#         1806
  C:182DH         LINE#         1807
  C:1830H         LINE#         1808
  C:1830H         LINE#         1809
  C:1833H         LINE#         1810
  C:1833H         LINE#         1811
  C:1836H         LINE#         1812
  C:1836H         LINE#         1813
  C:1839H         LINE#         1814
  C:1839H         LINE#         1815
  C:183CH         LINE#         1816
  C:183CH         LINE#         1817
  C:1840H         LINE#         1818
  C:1840H         LINE#         1819
  C:1843H         LINE#         1820
  C:1845H         LINE#         1821
  C:1846H         LINE#         1823
  C:1846H         LINE#         1824
  C:1848H         LINE#         1825
  C:1848H         LINE#         1826
  -------         ENDPROC       CHECKERROR
  -------         PROC          RECOVERY
  C:1B6AH         LINE#         1836
  C:1B6AH         LINE#         1837
  C:1B6AH         LINE#         1838
  C:1B77H         LINE#         1839
  C:1B77H         LINE#         1840
  C:1B77H         LINE#         1842
  C:1B77H         LINE#         1843
  C:1B77H         LINE#         1844
  C:1B7AH         LINE#         1845
  C:1B7AH         LINE#         1846
  C:1B7AH         LINE#         1847
  C:1B7AH         LINE#         1848
  C:1B7AH         LINE#         1849
  C:1B7CH         LINE#         1850
  C:1B7CH         LINE#         1851
  C:1B7FH         LINE#         1852
  C:1B7FH         LINE#         1853
  C:1B7FH         LINE#         1854
  C:1B7FH         LINE#         1855
BL51 BANKED LINKER/LOCATER V6.22                                                      11/09/2017  16:51:28  PAGE 31


  C:1B7FH         LINE#         1856
  C:1B81H         LINE#         1857
  C:1B81H         LINE#         1858
  C:1B84H         LINE#         1859
  C:1B84H         LINE#         1860
  C:1B87H         LINE#         1861
  C:1B89H         LINE#         1862
  C:1B89H         LINE#         1863
  C:1B89H         LINE#         1864
  C:1B89H         LINE#         1866
  C:1B89H         LINE#         1867
  C:1B89H         LINE#         1869
  C:1B89H         LINE#         1870
  C:1B89H         LINE#         1872
  C:1B89H         LINE#         1873
  C:1B89H         LINE#         1875
  C:1B89H         LINE#         1876
  C:1B89H         LINE#         1877
  C:1B89H         LINE#         1878
  C:1B89H         LINE#         1879
  -------         ENDPROC       RECOVERY
  -------         PROC          RELAYDRV
  C:1BA8H         LINE#         1890
  C:1BA8H         LINE#         1891
  C:1BA8H         LINE#         1893
  C:1BABH         LINE#         1894
  C:1BABH         LINE#         1895
  C:1BADH         LINE#         1896
  C:1BAFH         LINE#         1898
  C:1BAFH         LINE#         1899
  C:1BB1H         LINE#         1900
  C:1BB1H         LINE#         1901
  C:1BB4H         LINE#         1902
  C:1BB4H         LINE#         1903
  C:1BB6H         LINE#         1904
  C:1BB8H         LINE#         1906
  C:1BB8H         LINE#         1907
  C:1BBAH         LINE#         1908
  C:1BBAH         LINE#         1909
  C:1BBDH         LINE#         1910
  C:1BBDH         LINE#         1911
  C:1BBFH         LINE#         1912
  C:1BC0H         LINE#         1914
  C:1BC0H         LINE#         1915
  C:1BC2H         LINE#         1916
  C:1BC2H         LINE#         1918
  -------         ENDPROC       RELAYDRV
  -------         PROC          SYS_INITIAL
  C:199AH         LINE#         1928
  C:199AH         LINE#         1929
  C:199AH         LINE#         1930
  C:199DH         LINE#         1931
  C:199FH         LINE#         1932
  C:19A1H         LINE#         1933
  C:19A3H         LINE#         1934
  C:19A5H         LINE#         1935
  C:19A7H         LINE#         1936
BL51 BANKED LINKER/LOCATER V6.22                                                      11/09/2017  16:51:28  PAGE 32


  C:19A9H         LINE#         1937
  C:19ABH         LINE#         1938
  C:19ADH         LINE#         1939
  C:19AFH         LINE#         1940
  C:19B1H         LINE#         1941
  C:19B3H         LINE#         1942
  C:19B5H         LINE#         1943
  C:19B7H         LINE#         1959
  C:19BAH         LINE#         1960
  C:19BDH         LINE#         1986
  C:19C0H         LINE#         1988
  C:19C3H         LINE#         1989
  C:19C6H         LINE#         1990
  C:19C9H         LINE#         1991
  C:19CBH         LINE#         1992
  C:19CDH         LINE#         1994
  C:19D0H         LINE#         1995
  C:19D3H         LINE#         1996
  C:19D6H         LINE#         1997
  C:19D9H         LINE#         1998
  C:19DCH         LINE#         1999
  C:19DFH         LINE#         2001
  C:19E1H         LINE#         2012
  C:19E3H         LINE#         2013
  C:19E5H         LINE#         2014
  C:19E7H         LINE#         2017
  C:19E9H         LINE#         2020
  C:19ECH         LINE#         2025
  C:19EFH         LINE#         2027
  -------         ENDPROC       SYS_INITIAL
  -------         PROC          SAVEDATETOERROM
  C:1C87H         LINE#         2029
  C:1C87H         LINE#         2030
  C:1C87H         LINE#         2058
  -------         ENDPROC       SAVEDATETOERROM
  -------         ENDMOD        MAIN

  -------         MODULE        READKEY
  C:0000H         SYMBOL        _ICE_DUMMY_
  D:0073H         PUBLIC        R_OldKeyValue
  D:0074H         PUBLIC        R_KeyDoubleTm
  B:0023H.0       PUBLIC        Flg_EnableLongKey
  D:0075H         PUBLIC        R_CurKey
  B:0023H.1       PUBLIC        Flg_EnableRelease
  B:0023H.2       PUBLIC        FLG_EnableDoubleKey
  B:0023H.3       PUBLIC        Flg_HaveKey
  D:0076H         PUBLIC        R_KeyPressTm
  B:0023H.4       PUBLIC        FLG_keymark
  B:0023H.5       PUBLIC        Flg_KeyPress
  B:0023H.6       PUBLIC        Flg_LongKey
  D:0078H         PUBLIC        R_KeyBuffer
  D:0079H         PUBLIC        R_KeyDelay
  C:1C77H         PUBLIC        EnableDoubleKey
  C:1BDDH         PUBLIC        _EnableLongKeyS
  C:15E3H         PUBLIC        ReadR_KeyValue
  D:007AH         PUBLIC        R_KeyValue
  D:007BH         PUBLIC        KeyMarkDly
BL51 BANKED LINKER/LOCATER V6.22                                                      11/09/2017  16:51:28  PAGE 33


  B:0023H.7       PUBLIC        FLG_keyDouble
  B:0024H.0       PUBLIC        Flg_KeyUp
  B:0024H.1       PUBLIC        Flg_KeyRelease
  -------         PROC          READR_KEYVALUE
  C:15E3H         LINE#         24
  C:15E3H         LINE#         25
  C:15E3H         LINE#         28
  C:15E7H         LINE#         29
  C:15E7H         LINE#         30
  C:15E9H         LINE#         31
  C:15E9H         LINE#         32
  C:15EDH         LINE#         33
  C:15EDH         LINE#         34
  C:15EFH         LINE#         35
  C:15EFH         LINE#         36
  C:15F5H         LINE#         37
  C:15F5H         LINE#         38
  C:15FDH         LINE#         39
  C:15FFH         LINE#         41
  C:15FFH         LINE#         42
  C:1601H         LINE#         43
  C:1603H         LINE#         44
  C:1605H         LINE#         45
  C:1607H         LINE#         46
  C:1607H         LINE#         47
  C:160BH         LINE#         48
  C:160BH         LINE#         49
  C:160DH         LINE#         50
  C:160FH         LINE#         51
  C:1611H         LINE#         52
  C:1611H         LINE#         54
  C:1611H         LINE#         55
  C:1614H         LINE#         56
  C:1614H         LINE#         57
  C:161AH         LINE#         58
  C:161AH         LINE#         59
  C:161EH         LINE#         60
  C:161EH         LINE#         61
  C:1620H         LINE#         62
  C:1626H         LINE#         63
  C:1626H         LINE#         64
  C:1629H         LINE#         65
  C:1629H         LINE#         66
  C:162BH         LINE#         67
  C:162DH         LINE#         68
  C:162FH         LINE#         69
  C:1632H         LINE#         70
  C:1634H         LINE#         71
  C:1636H         LINE#         73
  C:1636H         LINE#         74
  C:1638H         LINE#         75
  C:163BH         LINE#         76
  C:163DH         LINE#         77
  C:1643H         LINE#         78
  C:1643H         LINE#         79
  C:1643H         LINE#         81
  C:1646H         LINE#         82
BL51 BANKED LINKER/LOCATER V6.22                                                      11/09/2017  16:51:28  PAGE 34


  C:1647H         LINE#         84
  C:1647H         LINE#         86
  C:1649H         LINE#         88
  C:1649H         LINE#         89
  C:164AH         LINE#         91
  C:164AH         LINE#         92
  C:164CH         LINE#         94
  C:1650H         LINE#         95
  C:1650H         LINE#         96
  C:1652H         LINE#         97
  C:1654H         LINE#         98
  C:1656H         LINE#         99
  C:1659H         LINE#         100
  C:1659H         LINE#         101
  C:165DH         LINE#         102
  C:165DH         LINE#         103
  C:165FH         LINE#         104
  C:1662H         LINE#         105
  C:1664H         LINE#         106
  C:1664H         LINE#         107
  C:1664H         LINE#         108
  C:1666H         LINE#         110
  C:1666H         LINE#         111
  C:1668H         LINE#         112
  C:1668H         LINE#         113
  C:1669H         LINE#         115
  C:1669H         LINE#         116
  C:166CH         LINE#         117
  C:166EH         LINE#         118
  C:1670H         LINE#         119
  C:1673H         LINE#         120
  C:1679H         LINE#         121
  C:1679H         LINE#         122
  C:167AH         LINE#         124
  C:167AH         LINE#         126
  C:167DH         LINE#         127
  C:167DH         LINE#         128
  C:1680H         LINE#         129
  C:1680H         LINE#         130
  C:1682H         LINE#         131
  C:1684H         LINE#         133
  C:1686H         LINE#         134
  C:1686H         LINE#         135
  C:1688H         LINE#         137
  C:1688H         LINE#         138
  C:168BH         LINE#         139
  C:168BH         LINE#         140
  C:168DH         LINE#         141
  C:168DH         LINE#         144
  C:168DH         LINE#         146
  -------         ENDPROC       READR_KEYVALUE
  -------         PROC          ENABLEDOUBLEKEY
  C:1C77H         LINE#         148
  C:1C77H         LINE#         149
  C:1C77H         LINE#         150
  C:1C7AH         LINE#         151
  C:1C7AH         LINE#         152
BL51 BANKED LINKER/LOCATER V6.22                                                      11/09/2017  16:51:28  PAGE 35


  C:1C7CH         LINE#         154
  C:1C7FH         LINE#         155
  C:1C7FH         LINE#         156
  -------         ENDPROC       ENABLEDOUBLEKEY
  -------         PROC          _ENABLELONGKEYS
  D:0007H         SYMBOL        XS
  C:1BDDH         LINE#         162
  C:1BDDH         LINE#         163
  C:1BDDH         LINE#         164
  C:1BE0H         LINE#         165
  C:1BE0H         LINE#         166
  C:1BE2H         LINE#         168
  C:1BF6H         LINE#         169
  C:1BF6H         LINE#         170
  -------         ENDPROC       _ENABLELONGKEYS
  -------         ENDMOD        READKEY

  -------         MODULE        DISPDRV
  C:0000H         SYMBOL        _ICE_DUMMY_
  D:0092H         PUBLIC        P1M0
  C:1C21H         PUBLIC        Mode_Tab
  D:0096H         PUBLIC        P2M0
  D:0091H         PUBLIC        P1M1
  D:0080H         PUBLIC        P0
  D:0095H         PUBLIC        P2M1
  D:0090H         PUBLIC        P1
  D:00A0H         PUBLIC        P2
  D:00CAH         PUBLIC        P5M0
  D:00B0H         PUBLIC        P3
  D:00C9H         PUBLIC        P5M1
  D:00C0H         PUBLIC        P4
  D:00C8H         PUBLIC        P5
  D:001BH         PUBLIC        R_DBUF1
  D:001CH         PUBLIC        R_DBUF2
  D:001DH         PUBLIC        R_DBUF3
  D:001EH         PUBLIC        R_DBUF4
  D:001FH         PUBLIC        R_DBUF5
  D:00A8H         PUBLIC        IE
  D:00B8H         PUBLIC        IP
  D:00D8H         PUBLIC        CCON
  B:0025H.1       PUBLIC        Flg_DispOK
  D:0022H         PUBLIC        R_DBUFX
  C:1C2AH         PUBLIC        KeyScan
  D:0098H         PUBLIC        SCON
  D:0088H         PUBLIC        TCON
  B:0090H.0       PUBLIC        Pin_TimerSet
  B:00C8H.5       PUBLIC        PIN_SEGDP
  C:13B2H         PUBLIC        DispDrv
  D:00F0H         PUBLIC        B
  D:00E0H         PUBLIC        ACC
  B:00A0H.7       PUBLIC        Pin_KeyDown
  B:00A0H.6       PUBLIC        PIN_COM1
  B:0090H.1       PUBLIC        PIN_COM2
  B:0090H.2       PUBLIC        PIN_COM3
  B:0090H.4       PUBLIC        PIN_COM4
  B:0022H.0       PUBLIC        Flg_SegA
  B:00A0H.2       PUBLIC        PIN_COM5
BL51 BANKED LINKER/LOCATER V6.22                                                      11/09/2017  16:51:28  PAGE 36


  B:0022H.1       PUBLIC        Flg_SegB
  B:00A0H.1       PUBLIC        PIN_COM6
  B:0022H.2       PUBLIC        Flg_SegC
  B:0022H.3       PUBLIC        Flg_SegD
  B:0022H.4       PUBLIC        Flg_SegE
  B:0022H.5       PUBLIC        Flg_SegF
  B:0022H.6       PUBLIC        Flg_SegG
  B:0022H.7       PUBLIC        Flg_SegH
  B:00A0H.7       PUBLIC        PIN_SEGA
  B:0090H.3       PUBLIC        PIN_SEGB
  B:0090H.6       PUBLIC        PIN_SEGC
  B:00C8H.4       PUBLIC        PIN_SEGD
  C:1C11H         PUBLIC        Digit_Tab
[...]
  C:1416H         LINE#         121
  C:1416H         LINE#         122
  C:1419H         LINE#         123
  C:141BH         LINE#         124
  C:141BH         LINE#         125
  C:141EH         LINE#         126
  C:1420H         LINE#         127
  C:1420H         LINE#         128
  C:1423H         LINE#         129
  C:1425H         LINE#         130
  C:1425H         LINE#         131
  C:1428H         LINE#         132
  C:1428H         LINE#         133
  C:1428H         LINE#         134
  C:144EH         LINE#         135
  C:144EH         LINE#         136
  C:144EH         LINE#         137
  C:1451H         LINE#         138
  C:1451H         LINE#         139
  C:1453H         LINE#         140
  C:1455H         LINE#         142
  C:1455H         LINE#         143
  C:1457H         LINE#         144
  C:1457H         LINE#         146
  C:1459H         LINE#         147
  C:1459H         LINE#         148
  C:145CH         LINE#         149
  C:145CH         LINE#         150
  C:145EH         LINE#         151
  C:1460H         LINE#         153
  C:1460H         LINE#         154
  C:1462H         LINE#         155
  C:1462H         LINE#         157
  C:1464H         LINE#         158
  C:1464H         LINE#         159
  C:1467H         LINE#         160
  C:1467H         LINE#         161
  C:1469H         LINE#         162
  C:146BH         LINE#         164
  C:146BH         LINE#         165
  C:146DH         LINE#         166
  C:146DH         LINE#         168
  C:146FH         LINE#         169
  C:146FH         LINE#         170
  C:1472H         LINE#         171
  C:1472H         LINE#         172
  C:1474H         LINE#         173
  C:1476H         LINE#         175
BL51 BANKED LINKER/LOCATER V6.22                                                      11/09/2017  16:51:28  PAGE 38


  C:1476H         LINE#         176
  C:1478H         LINE#         177
  C:1478H         LINE#         179
  C:147AH         LINE#         180
  C:147AH         LINE#         181
  C:147DH         LINE#         182
  C:147DH         LINE#         183
  C:147FH         LINE#         184
  C:1481H         LINE#         186
  C:1481H         LINE#         187
  C:1483H         LINE#         188
  C:1483H         LINE#         190
  C:1485H         LINE#         191
  C:1485H         LINE#         192
  C:1488H         LINE#         193
  C:1488H         LINE#         194
  C:148AH         LINE#         195
  C:148CH         LINE#         197
  C:148CH         LINE#         198
  C:148EH         LINE#         199
  C:148EH         LINE#         201
  C:1490H         LINE#         202
  C:1490H         LINE#         203
  C:1493H         LINE#         204
  C:1493H         LINE#         205
  C:1495H         LINE#         206
  C:1497H         LINE#         208
  C:1497H         LINE#         209
  C:1499H         LINE#         210
  C:1499H         LINE#         212
  C:149BH         LINE#         213
  C:149BH         LINE#         214
  C:149EH         LINE#         215
  C:149EH         LINE#         216
  C:14A0H         LINE#         217
  C:14A2H         LINE#         219
  C:14A2H         LINE#         220
  C:14A4H         LINE#         221
  C:14A4H         LINE#         222
  C:14A4H         LINE#         223
  C:14A4H         LINE#         224
  C:14A4H         LINE#         225
  C:14A4H         LINE#         226
  C:14B9H         LINE#         227
  C:14B9H         LINE#         228
  C:14B9H         LINE#         229
  C:14BBH         LINE#         230
  C:14BDH         LINE#         231
  C:14BDH         LINE#         232
  C:14BFH         LINE#         233
  C:14C1H         LINE#         234
  C:14C1H         LINE#         235
  C:14C3H         LINE#         236
  C:14C5H         LINE#         237
  C:14C5H         LINE#         238
  C:14C7H         LINE#         239
  C:14C9H         LINE#         240
BL51 BANKED LINKER/LOCATER V6.22                                                      11/09/2017  16:51:28  PAGE 39


  C:14C9H         LINE#         241
  C:14CBH         LINE#         242
  C:14CDH         LINE#         243
  C:14CDH         LINE#         244
  C:14CFH         LINE#         245
  C:14D1H         LINE#         246
  C:14D3H         LINE#         247
  C:14D5H         LINE#         248
  C:14D8H         LINE#         249
  C:14D8H         LINE#         250
  C:14D8H         LINE#         251
  C:14D8H         LINE#         252
  C:14D8H         LINE#         253
  C:14DBH         LINE#         254
  C:14DEH         LINE#         255
  C:14E1H         LINE#         256
  C:14E4H         LINE#         257
  C:14E7H         LINE#         258
  C:14EAH         LINE#         275
  -------         ENDPROC       DISPDRV
  -------         PROC          KEYSCAN
  C:1C2AH         LINE#         285
  C:1C2AH         LINE#         286
  C:1C2AH         LINE#         287
  C:1C2DH         LINE#         288
  C:1C30H         LINE#         289
  C:1C30H         LINE#         290
  C:1C33H         LINE#         291
  C:1C33H         LINE#         293
  C:1C33H         LINE#         295
  C:1C33H         LINE#         296
  C:1C36H         LINE#         297
  C:1C36H         LINE#         298
  C:1C39H         LINE#         299
  C:1C39H         LINE#         301
  C:1C39H         LINE#         303
  C:1C39H         LINE#         305
  C:1C3CH         LINE#         306
  C:1C3CH         LINE#         307
  C:1C3FH         LINE#         308
  C:1C3FH         LINE#         309
  -------         ENDPROC       KEYSCAN
  -------         ENDMOD        DISPDRV

  -------         MODULE        AT24C
  C:0000H         SYMBOL        _ICE_DUMMY_
  D:0080H         PUBLIC        P0
  D:0090H         PUBLIC        P1
  D:00A0H         PUBLIC        P2
  D:00B0H         PUBLIC        P3
  D:00C0H         PUBLIC        P4
  D:00C8H         PUBLIC        P5
  D:00A8H         PUBLIC        IE
  C:1B52H         PUBLIC        clock
  C:1C85H         PUBLIC        flash
  C:000EH         PUBLIC        _Delay_AT24C
  C:1AFBH         PUBLIC        readx
BL51 BANKED LINKER/LOCATER V6.22                                                      11/09/2017  16:51:28  PAGE 40


  D:00B8H         PUBLIC        IP
  B:00D0H.7       PUBLIC        CY
  C:1B22H         PUBLIC        _AT24C_Read
  D:00D8H         PUBLIC        CCON
  C:1B8AH         PUBLIC        _writex
  C:1BF7H         PUBLIC        _AT24C_Write
  C:1C54H         PUBLIC        start
  D:0098H         PUBLIC        SCON
  D:0088H         PUBLIC        TCON
  C:1C63H         PUBLIC        Init_AT24C
  B:00B0H.5       PUBLIC        sda
  D:00F0H         PUBLIC        B
  B:00B0H.4       PUBLIC        scl
  D:00E0H         PUBLIC        ACC
  C:1C6DH         PUBLIC        stop
  D:00D0H         PUBLIC        PSW
  -------         PROC          _DELAY_AT24C
  D:0007H         SYMBOL        x
  -------         DO            
  D:0004H         SYMBOL        i
  -------         ENDDO         
  C:000EH         LINE#         4
  C:000EH         LINE#         5
  C:000EH         LINE#         6
  C:0022H         LINE#         9
  -------         ENDPROC       _DELAY_AT24C
  C:1C80H         SYMBOL        L?0027
  -------         PROC          L?0026
  -------         ENDPROC       L?0026
  C:1C80H         SYMBOL        L?0027
  -------         PROC          FLASH
  C:1C85H         LINE#         10
  C:1C85H         LINE#         11
  C:1C85H         LINE#         14
  -------         ENDPROC       FLASH
  -------         PROC          INIT_AT24C
  C:1C63H         LINE#         15
  C:1C63H         LINE#         16
  C:1C63H         LINE#         17
  C:1C65H         LINE#         18
  C:1C68H         LINE#         19
  C:1C6AH         LINE#         20
  -------         ENDPROC       INIT_AT24C
  -------         PROC          START
  C:1C54H         LINE#         22
  C:1C54H         LINE#         23
  C:1C54H         LINE#         24
  C:1C56H         LINE#         25
  C:1C56H         LINE#         26
  C:1C56H         LINE#         27
  C:1C59H         LINE#         28
  C:1C5BH         LINE#         29
  C:1C5EH         LINE#         30
  C:1C60H         LINE#         31
  -------         ENDPROC       START
  -------         PROC          STOP
  C:1C6DH         LINE#         33
BL51 BANKED LINKER/LOCATER V6.22                                                      11/09/2017  16:51:28  PAGE 41


  C:1C6DH         LINE#         34
  C:1C6DH         LINE#         35
  C:1C6FH         LINE#         36
  C:1C6FH         LINE#         37
  C:1C6FH         LINE#         38
  C:1C72H         LINE#         39
  C:1C74H         LINE#         40
  -------         ENDPROC       STOP
  -------         PROC          _WRITEX
  D:0007H         SYMBOL        j
  -------         DO            
  D:0006H         SYMBOL        i
  D:0007H         SYMBOL        temp
  -------         ENDDO         
  C:1B8AH         LINE#         42
  C:1B8AH         LINE#         43
  C:1B8AH         LINE#         45
  C:1B8AH         LINE#         46
  C:1B8CH         LINE#         47
  C:1B8CH         LINE#         48
  C:1B90H         LINE#         49
  C:1B92H         LINE#         50
  C:1B95H         LINE#         51
  C:1B97H         LINE#         52
  C:1B97H         LINE#         53
  C:1B97H         LINE#         54
  C:1B9AH         LINE#         55
  C:1B9EH         LINE#         56
  C:1BA0H         LINE#         57
  C:1BA3H         LINE#         58
  C:1BA5H         LINE#         59
  -------         ENDPROC       _WRITEX
  -------         PROC          READX
  -------         DO            
  D:0005H         SYMBOL        i
  D:0007H         SYMBOL        j
  D:0006H         SYMBOL        k
  -------         ENDDO         
  C:1AFBH         LINE#         61
  C:1AFBH         LINE#         62
  C:1AFBH         LINE#         63
  C:1AFDH         LINE#         64
  C:1B04H         LINE#         65
  C:1B05H         LINE#         66
  C:1B05H         LINE#         67
  C:1B05H         LINE#         68
  C:1B05H         LINE#         69
  C:1B08H         LINE#         70
  C:1B0BH         LINE#         71
  C:1B0FH         LINE#         73
  C:1B11H         LINE#         74
  C:1B16H         LINE#         75
  C:1B1CH         LINE#         76
  C:1B1FH         LINE#         77
  C:1B21H         LINE#         78
  -------         ENDPROC       READX
  -------         PROC          L?0025
BL51 BANKED LINKER/LOCATER V6.22                                                      11/09/2017  16:51:28  PAGE 42


  -------         ENDPROC       L?0025
  -------         PROC          CLOCK
  -------         DO            
  D:0007H         SYMBOL        i
  -------         ENDDO         
  C:1B52H         LINE#         79
  C:1B52H         LINE#         80
  C:1B52H         LINE#         81
  C:1B54H         LINE#         82
  C:1B56H         LINE#         83
  C:1B59H         LINE#         84
  C:1B62H         LINE#         85
  C:1B65H         LINE#         86
  C:1B67H         LINE#         87
  -------         ENDPROC       CLOCK
  -------         PROC          _AT24C_READ
  D:0005H         SYMBOL        address
  -------         DO            
  D:0006H         SYMBOL        i
  -------         ENDDO         
  C:1B22H         LINE#         90
  C:1B24H         LINE#         91
  C:1B24H         LINE#         93
  C:1B27H         LINE#         94
  C:1B29H         LINE#         95
  C:1B29H         LINE#         96
  C:1B29H         LINE#         97
  C:1B2CH         LINE#         98
  C:1B2FH         LINE#         99
  C:1B34H         LINE#         100
  C:1B37H         LINE#         101
  C:1B3CH         LINE#         102
  C:1B3FH         LINE#         103
  C:1B44H         LINE#         104
  C:1B46H         LINE#         105
  -------         ENDPROC       _AT24C_READ
  -------         PROC          _AT24C_WRITE
  D:0004H         SYMBOL        address
  D:0005H         SYMBOL        info
  C:1BF7H         LINE#         107
  C:1BF9H         LINE#         108
  C:1BF9H         LINE#         110
  C:1BFCH         LINE#         111
  C:1C01H         LINE#         112
  C:1C04H         LINE#         113
  C:1C06H         LINE#         114
  C:1C06H         LINE#         115
  C:1C06H         LINE#         116
  C:1C09H         LINE#         117
  C:1C0CH         LINE#         119
  -------         ENDPROC       _AT24C_WRITE
  -------         ENDMOD        AT24C

  -------         MODULE        DS1302
  C:0000H         SYMBOL        _ICE_DUMMY_
  D:0080H         PUBLIC        P0
  D:0090H         PUBLIC        P1
BL51 BANKED LINKER/LOCATER V6.22                                                      11/09/2017  16:51:28  PAGE 43


  D:0009H         PUBLIC        time_buf1
  D:00A0H         PUBLIC        P2
  B:00A0H.3       PUBLIC        Pin_DSSCK
  D:00B0H         PUBLIC        P3
  D:00C0H         PUBLIC        P4
  D:00C8H         PUBLIC        P5
  D:00A8H         PUBLIC        IE
  D:00B8H         PUBLIC        IP
  B:00A0H.5       PUBLIC        Pin_DSRST
  D:00D8H         PUBLIC        CCON
  D:0098H         PUBLIC        SCON
  D:0088H         PUBLIC        TCON
  D:00F0H         PUBLIC        B
  D:00E0H         PUBLIC        ACC
  C:1A3CH         PUBLIC        Ds1302_Read_Time
  D:0011H         PUBLIC        time_buf
  C:1A88H         PUBLIC        _Ds1302_Read_Byte
  C:0006H         PUBLIC        Init_DS1302
  C:1AC3H         PUBLIC        _Ds1302_Write_Byte
  B:00A0H.4       PUBLIC        Pin_DSSDA
  D:00D0H         PUBLIC        PSW
  -------         PROC          _DS1302_WRITE_BYTE
  D:0007H         SYMBOL        addr
  D:0005H         SYMBOL        d
  -------         DO            
  D:0006H         SYMBOL        i
  -------         ENDDO         
  C:1AC3H         LINE#         10
  C:1AC3H         LINE#         11
  C:1AC3H         LINE#         14
  C:1AC5H         LINE#         16
  C:1AC8H         LINE#         17
  C:1ACAH         LINE#         18
  C:1ACAH         LINE#         19
  C:1ACEH         LINE#         20
  C:1ACEH         LINE#         21
  C:1AD0H         LINE#         22
  C:1AD2H         LINE#         24
  C:1AD2H         LINE#         25
  C:1AD4H         LINE#         26
  C:1AD4H         LINE#         27
  C:1AD6H         LINE#         28
  C:1AD8H         LINE#         29
  C:1ADCH         LINE#         30
  C:1AE0H         LINE#         33
  C:1AE2H         LINE#         34
  C:1AE2H         LINE#         35
  C:1AE6H         LINE#         36
  C:1AE6H         LINE#         37
  C:1AE8H         LINE#         38
  C:1AEAH         LINE#         40
  C:1AEAH         LINE#         41
  C:1AECH         LINE#         42
  C:1AECH         LINE#         43
  C:1AEEH         LINE#         44
  C:1AF0H         LINE#         45
  C:1AF4H         LINE#         46
BL51 BANKED LINKER/LOCATER V6.22                                                      11/09/2017  16:51:28  PAGE 44


  C:1AF8H         LINE#         47
  C:1AFAH         LINE#         48
  -------         ENDPROC       _DS1302_WRITE_BYTE
  -------         PROC          _DS1302_READ_BYTE
  D:0007H         SYMBOL        addr
  -------         DO            
  D:0005H         SYMBOL        i
  D:0006H         SYMBOL        temp
  -------         ENDDO         
  C:1A88H         LINE#         53
  C:1A88H         LINE#         54
  C:1A88H         LINE#         58
  C:1A8AH         LINE#         60
  C:1A8DH         LINE#         61
  C:1A8FH         LINE#         62
  C:1A8FH         LINE#         64
  C:1A93H         LINE#         65
  C:1A93H         LINE#         66
  C:1A95H         LINE#         67
  C:1A97H         LINE#         69
  C:1A97H         LINE#         70
  C:1A99H         LINE#         71
  C:1A99H         LINE#         72
  C:1A9BH         LINE#         73
  C:1A9DH         LINE#         74
  C:1AA1H         LINE#         75
  C:1AA5H         LINE#         78
  C:1AA7H         LINE#         79
  C:1AA7H         LINE#         80
  C:1AABH         LINE#         81
  C:1AAEH         LINE#         82
  C:1AAEH         LINE#         83
  C:1AB1H         LINE#         84
  C:1AB3H         LINE#         86
  C:1AB3H         LINE#         87
  C:1AB6H         LINE#         88
  C:1AB6H         LINE#         89
  C:1AB8H         LINE#         90
  C:1ABAH         LINE#         91
  C:1ABEH         LINE#         93
  C:1AC0H         LINE#         94
  C:1AC2H         LINE#         95
  -------         ENDPROC       _DS1302_READ_BYTE
  -------         PROC          DS1302_READ_TIME
  -------         DO            
  D:0007H         SYMBOL        i
  D:0005H         SYMBOL        tmp
  D:0008H         SYMBOL        R_JmpCNt
  -------         ENDDO         
  C:1A3CH         LINE#         127
  C:1A3CH         LINE#         128
  C:1A3CH         LINE#         131
  C:1A3EH         LINE#         132
  C:1A46H         LINE#         133
  C:1A56H         LINE#         134
  C:1A56H         LINE#         135
  C:1A56H         LINE#         139
BL51 BANKED LINKER/LOCATER V6.22                                                      11/09/2017  16:51:28  PAGE 45


  C:1A56H         LINE#         143
  C:1A56H         LINE#         145
  C:1A60H         LINE#         148
  C:1A60H         LINE#         149
  C:1A62H         LINE#         150
  C:1A62H         LINE#         151
  C:1A6CH         LINE#         152
  C:1A76H         LINE#         153
  C:1A83H         LINE#         154
  C:1A87H         LINE#         155
  C:1A87H         LINE#         156
  C:1A87H         LINE#         158
  C:1A87H         LINE#         159
  C:1A87H         LINE#         166
  -------         ENDPROC       DS1302_READ_TIME
  -------         PROC          INIT_DS1302
  C:0006H         LINE#         171
  C:0006H         LINE#         172
  C:0006H         LINE#         174
  C:0008H         LINE#         175
  C:000AH         LINE#         187
  -------         ENDPROC       INIT_DS1302
  -------         ENDMOD        DS1302

  -------         MODULE        ?C?FPADD
  C:0AD2H         PUBLIC        ?C?FPADD
  C:0ACEH         PUBLIC        ?C?FPSUB
  -------         ENDMOD        ?C?FPADD

  -------         MODULE        ?C?FPMUL
  C:0BC3H         PUBLIC        ?C?FPMUL
  -------         ENDMOD        ?C?FPMUL

  -------         MODULE        ?C?FPDIV
  C:0CCCH         PUBLIC        ?C?FPDIV
  -------         ENDMOD        ?C?FPDIV

  -------         MODULE        ?C?FPCMP
  C:0D6BH         PUBLIC        ?C?FPCMP
  C:0D69H         PUBLIC        ?C?FPCMP3
  -------         ENDMOD        ?C?FPCMP

  -------         MODULE        ?C?FCAST
  C:0DE0H         PUBLIC        ?C?FCASTC
  C:0DDBH         PUBLIC        ?C?FCASTI
  C:0DD6H         PUBLIC        ?C?FCASTL
  -------         ENDMOD        ?C?FCAST

  -------         MODULE        ?C?CASTF
  C:0E14H         PUBLIC        ?C?CASTF
  -------         ENDMOD        ?C?CASTF

  -------         MODULE        ?C?IMUL
  C:0E95H         PUBLIC        ?C?IMUL
  -------         ENDMOD        ?C?IMUL

  -------         MODULE        ?C?UIDIV
BL51 BANKED LINKER/LOCATER V6.22                                                      11/09/2017  16:51:28  PAGE 46


  C:0EA7H         PUBLIC        ?C?UIDIV
  -------         ENDMOD        ?C?UIDIV

  -------         MODULE        ?C?LNEG
  C:0EFCH         PUBLIC        ?C?LNEG
  -------         ENDMOD        ?C?LNEG

  -------         MODULE        ?C?ULCMP
  C:0F0AH         PUBLIC        ?C?ULCMP
  -------         ENDMOD        ?C?ULCMP

*** WARNING L16: UNCALLED SEGMENT, IGNORED FOR OVERLAY PROCESS
    SEGMENT: ?PR?ENABLEDOUBLEKEY?READKEY

*** WARNING L16: UNCALLED SEGMENT, IGNORED FOR OVERLAY PROCESS
    SEGMENT: ?PR?_AT24C_READ?AT24C

*** WARNING L16: UNCALLED SEGMENT, IGNORED FOR OVERLAY PROCESS
    SEGMENT: ?PR?_AT24C_WRITE?AT24C

*** WARNING L16: UNCALLED SEGMENT, IGNORED FOR OVERLAY PROCESS
    SEGMENT: ?PR?_DS1302_WRITE_BYTE?DS1302

Program Size: data=189.3 xdata=0 code=7304
LINK/LOCATE RUN COMPLETE.  4 WARNING(S),  0 ERROR(S)
