C51 COMPILER V9.00   READKEY                                                               06/24/2017 21:36:08 PAGE 1   


C51 COMPILER V9.00, COMPILATION OF MODULE READKEY
OBJECT MODULE PLACED IN .\Objects\ReadKey.obj
COMPILER INVOKED BY: G:\Keil_v5\C51\BIN\C51.EXE ReadKey.c OPTIMIZE(8,SPEED) BROWSE DEBUG OBJECTEXTEND PRINT(.\Listings\R
                    -eadKey.lst) OBJECT(.\Objects\ReadKey.obj)

line level    source

   1          #include"ReadKey.h"
   2          unsigned char   R_KeyDelay      =0;
   3          unsigned char   KeyMarkDly      =0;
   4          unsigned char   R_KeyDoubleTm   =0;
   5          unsigned char   R_KeyPressTm    =0;
   6          unsigned char   R_KeyValue      =0;
   7          unsigned char   R_OldKeyValue   =0;
   8          unsigned char   R_CurKey        =0;
   9          unsigned char   R_KeyBuffer     =0;
  10          
  11          bit     FLG_keymark     =0;
  12          bit     FLG_keyDouble   =0;
  13          bit     FLG_EnableDoubleKey     =0;
  14          bit     Flg_LongKey     =0;
  15          bit     Flg_EnableLongKey       =0;
  16          bit     Flg_HaveKey;
  17          
  18          void    ReadR_KeyValue()//放在2ms分时中执行，20ms执行一次
  19          {
  20   1      //      if(!Flg_SisResetOK)     //系统未初始化完成，退出
  21   1      //              return;
  22   1              if(R_KeyDelay)
  23   1                      {
  24   2                      R_KeyDelay--;   
  25   2                      }
  26   1              if(R_KeyDoubleTm)
  27   1                      {
  28   2                      R_KeyDoubleTm--;        
  29   2                      }               
  30   1              if(R_KeyPressTm)
  31   1                      {
  32   2                      R_KeyPressTm--; 
  33   2                      }               
  34   1                      else
  35   1                              {
  36   2                              Flg_EnableLongKey=0;
  37   2                              FLG_EnableDoubleKey=0;
  38   2                              FLG_keymark=0;  
  39   2                              FLG_EnableDoubleKey=0;                          
  40   2                              }               
  41   1              if(!R_KeyDelay)
  42   1                      { 
  43   2                       R_OldKeyValue=0;        
  44   2                      }
  45   1      //      if(R_KeyValue)
  46   1                      {
  47   2                      R_OldKeyValue=R_KeyValue;       
  48   2                      }
  49   1              if(R_OldKeyValue == R_CurKey)
  50   1                      {
  51   2                      if(R_OldKeyValue)//当前键值不为0
  52   2                              {
  53   3                              if(R_KeyPressTm == 0)//长按时间到
  54   3                                      {
C51 COMPILER V9.00   READKEY                                                               06/24/2017 21:36:08 PAGE 2   

  55   4                                      if(Flg_EnableLongKey)//长按键使能切有效按键
  56   4                                              {                                       
  57   5                                              Flg_LongKey=1;
  58   5                                              Flg_EnableLongKey=0;
  59   5                                              R_CurKey=R_OldKeyValue;
  60   5                                              Flg_HaveKey=1;          
  61   5                                              }
  62   4                                              else
  63   4                                                      {
  64   5                                                      FLG_keymark=1;
  65   5                                                      R_CurKey=R_OldKeyValue;
  66   5                                                      Flg_HaveKey=1;
  67   5                                                      R_KeyPressTm=1; 
  68   5                                                      }                                       
  69   4                                      }
  70   3      
  71   3                              R_KeyDelay=50;                          
  72   3                              }
  73   2                              else
  74   2                                      {
  75   3                                      R_CurKey=R_OldKeyValue;         
  76   3                                      }
  77   2                      }
  78   1                      else//第一次产生有效按键
  79   1                              {
  80   2                              if(R_OldKeyValue)
  81   2                                      {
  82   3                                      if(FLG_EnableDoubleKey)
  83   3                                              {
  84   4                                              if(R_KeyDoubleTm)
  85   4                                                      {
  86   5                                                      FLG_keyDouble=1;
  87   5                                                      R_CurKey=R_OldKeyValue;
  88   5                                                      Flg_HaveKey=1;  
  89   5                                                      R_KeyDelay=50;
  90   5                                                      R_KeyPressTm=10;                                                
  91   5                                                      }
  92   4                                                      else
  93   4                                                              {
  94   5                                                              FLG_keyDouble=0;        
  95   5                                                              }       
  96   4                                              }
  97   3                                              else
  98   3                                                      {
  99   4                                                      R_CurKey=R_OldKeyValue;
 100   4                                                      Flg_HaveKey=1;
 101   4                                                      FLG_keymark=0;
 102   4                                                      R_KeyDelay=50;
 103   4                                                      R_KeyPressTm=10;                                                        
 104   4                                                      }                                                       
 105   3                                      }
 106   2                                      else
 107   2                                              {
 108   3                                              R_CurKey=R_OldKeyValue;                                                 
 109   3                                              }
 110   2                                      
 111   2      
 112   2                              }
 113   1      
 114   1      }
 115          
 116          void EnableDoubleKey()
C51 COMPILER V9.00   READKEY                                                               06/24/2017 21:36:08 PAGE 3   

 117          {
 118   1              if(FLG_EnableDoubleKey==0)
 119   1                      {
 120   2                      FLG_EnableDoubleKey=1;
 121   2      //              FLG_keyDouble=1;
 122   2                      R_KeyDoubleTm=100;
 123   2                      }       
 124   1      }
 125          //-----------------------------------------
 126          //
 127          //按键长按键处理子程序
 128          //
 129          //-----------------------------------------
 130          void EnableLongKeyS(unsigned char XS)
 131          {
 132   1              if(Flg_EnableLongKey==0)
 133   1                      {
 134   2                      Flg_EnableLongKey=1;
 135   2      //              Flg_LongKey=1;
 136   2                      R_KeyPressTm=XS*1000/50;
 137   2                      }       
 138   1      }


MODULE INFORMATION:   STATIC OVERLAYABLE
   CODE SIZE        =    153    ----
   CONSTANT SIZE    =   ----    ----
   XDATA SIZE       =   ----    ----
   PDATA SIZE       =   ----    ----
   DATA SIZE        =      8    ----
   IDATA SIZE       =   ----    ----
   BIT SIZE         =      6    ----
END OF MODULE INFORMATION.


C51 COMPILATION COMPLETE.  0 WARNING(S),  0 ERROR(S)
